Archive member included to satisfy reference by file (symbol)

c:/program files (x86)/atmel/studio/7.0/toolchain/arm/arm-gnu-toolchain/bin/../lib/gcc/arm-none-eabi/6.2.1/thumb/v6-m\libgcc.a(_udivsi3.o)
                              src/ASF/sam0/drivers/nvm/nvm.o (__aeabi_uidiv)
c:/program files (x86)/atmel/studio/7.0/toolchain/arm/arm-gnu-toolchain/bin/../lib/gcc/arm-none-eabi/6.2.1/thumb/v6-m\libgcc.a(_dvmd_tls.o)
                              c:/program files (x86)/atmel/studio/7.0/toolchain/arm/arm-gnu-toolchain/bin/../lib/gcc/arm-none-eabi/6.2.1/thumb/v6-m\libgcc.a(_udivsi3.o) (__aeabi_idiv0)
c:/program files (x86)/atmel/studio/7.0/toolchain/arm/arm-gnu-toolchain/bin/../lib/gcc/arm-none-eabi/6.2.1/thumb/v6-m\libgcc.a(_muldi3.o)
                              src/ASF/sam0/drivers/sercom/sercom.o (__aeabi_lmul)
c:/program files (x86)/atmel/studio/7.0/toolchain/arm/arm-gnu-toolchain/bin/../lib/gcc/arm-none-eabi/6.2.1/../../../../arm-none-eabi/lib/thumb/v6-m\libc_nano.a(lib_a-exit.o)
                              c:/program files (x86)/atmel/studio/7.0/toolchain/arm/arm-gnu-toolchain/bin/../lib/gcc/arm-none-eabi/6.2.1/../../../../arm-none-eabi/lib/thumb/v6-m/crt0.o (exit)
c:/program files (x86)/atmel/studio/7.0/toolchain/arm/arm-gnu-toolchain/bin/../lib/gcc/arm-none-eabi/6.2.1/../../../../arm-none-eabi/lib/thumb/v6-m\libc_nano.a(lib_a-impure.o)
                              c:/program files (x86)/atmel/studio/7.0/toolchain/arm/arm-gnu-toolchain/bin/../lib/gcc/arm-none-eabi/6.2.1/../../../../arm-none-eabi/lib/thumb/v6-m\libc_nano.a(lib_a-exit.o) (_global_impure_ptr)
c:/program files (x86)/atmel/studio/7.0/toolchain/arm/arm-gnu-toolchain/bin/../lib/gcc/arm-none-eabi/6.2.1/../../../../arm-none-eabi/lib/thumb/v6-m\libc_nano.a(lib_a-init.o)
                              c:/program files (x86)/atmel/studio/7.0/toolchain/arm/arm-gnu-toolchain/bin/../lib/gcc/arm-none-eabi/6.2.1/../../../../arm-none-eabi/lib/thumb/v6-m/crt0.o (__libc_init_array)
c:/program files (x86)/atmel/studio/7.0/toolchain/arm/arm-gnu-toolchain/bin/../lib/gcc/arm-none-eabi/6.2.1/../../../../arm-none-eabi/lib/thumb/v6-m\libc_nano.a(lib_a-memset.o)
                              c:/program files (x86)/atmel/studio/7.0/toolchain/arm/arm-gnu-toolchain/bin/../lib/gcc/arm-none-eabi/6.2.1/../../../../arm-none-eabi/lib/thumb/v6-m/crt0.o (memset)
c:/program files (x86)/atmel/studio/7.0/toolchain/arm/arm-gnu-toolchain/bin/../lib/gcc/arm-none-eabi/6.2.1/../../../../arm-none-eabi/lib/thumb/v6-m\libc_nano.a(lib_a-printf.o)
                              src/main.o (printf)
c:/program files (x86)/atmel/studio/7.0/toolchain/arm/arm-gnu-toolchain/bin/../lib/gcc/arm-none-eabi/6.2.1/../../../../arm-none-eabi/lib/thumb/v6-m\libc_nano.a(lib_a-puts.o)
                              src/main.o (puts)
c:/program files (x86)/atmel/studio/7.0/toolchain/arm/arm-gnu-toolchain/bin/../lib/gcc/arm-none-eabi/6.2.1/../../../../arm-none-eabi/lib/thumb/v6-m\libc_nano.a(lib_a-setbuf.o)
                              src/main.o (setbuf)
c:/program files (x86)/atmel/studio/7.0/toolchain/arm/arm-gnu-toolchain/bin/../lib/gcc/arm-none-eabi/6.2.1/../../../../arm-none-eabi/lib/thumb/v6-m\libc_nano.a(lib_a-setvbuf.o)
                              c:/program files (x86)/atmel/studio/7.0/toolchain/arm/arm-gnu-toolchain/bin/../lib/gcc/arm-none-eabi/6.2.1/../../../../arm-none-eabi/lib/thumb/v6-m\libc_nano.a(lib_a-setbuf.o) (setvbuf)
c:/program files (x86)/atmel/studio/7.0/toolchain/arm/arm-gnu-toolchain/bin/../lib/gcc/arm-none-eabi/6.2.1/../../../../arm-none-eabi/lib/thumb/v6-m\libc_nano.a(lib_a-wbuf.o)
                              c:/program files (x86)/atmel/studio/7.0/toolchain/arm/arm-gnu-toolchain/bin/../lib/gcc/arm-none-eabi/6.2.1/../../../../arm-none-eabi/lib/thumb/v6-m\libc_nano.a(lib_a-puts.o) (__swbuf_r)
c:/program files (x86)/atmel/studio/7.0/toolchain/arm/arm-gnu-toolchain/bin/../lib/gcc/arm-none-eabi/6.2.1/../../../../arm-none-eabi/lib/thumb/v6-m\libc_nano.a(lib_a-wsetup.o)
                              c:/program files (x86)/atmel/studio/7.0/toolchain/arm/arm-gnu-toolchain/bin/../lib/gcc/arm-none-eabi/6.2.1/../../../../arm-none-eabi/lib/thumb/v6-m\libc_nano.a(lib_a-puts.o) (__swsetup_r)
c:/program files (x86)/atmel/studio/7.0/toolchain/arm/arm-gnu-toolchain/bin/../lib/gcc/arm-none-eabi/6.2.1/../../../../arm-none-eabi/lib/thumb/v6-m\libc_nano.a(lib_a-fflush.o)
                              c:/program files (x86)/atmel/studio/7.0/toolchain/arm/arm-gnu-toolchain/bin/../lib/gcc/arm-none-eabi/6.2.1/../../../../arm-none-eabi/lib/thumb/v6-m\libc_nano.a(lib_a-setvbuf.o) (_fflush_r)
c:/program files (x86)/atmel/studio/7.0/toolchain/arm/arm-gnu-toolchain/bin/../lib/gcc/arm-none-eabi/6.2.1/../../../../arm-none-eabi/lib/thumb/v6-m\libc_nano.a(lib_a-findfp.o)
                              c:/program files (x86)/atmel/studio/7.0/toolchain/arm/arm-gnu-toolchain/bin/../lib/gcc/arm-none-eabi/6.2.1/../../../../arm-none-eabi/lib/thumb/v6-m\libc_nano.a(lib_a-printf.o) (__sinit)
[...]
Memory Configuration

Name             Origin             Length             Attributes
rom              0x00000000         0x00040000         xr
ram              0x20000000         0x00008000         xrw
*default*        0x00000000         0xffffffff

Linker script and memory map

LOAD c:/program files (x86)/atmel/studio/7.0/toolchain/arm/arm-gnu-toolchain/bin/../lib/gcc/arm-none-eabi/6.2.1/thumb/v6-m/crti.o
LOAD c:/program files (x86)/atmel/studio/7.0/toolchain/arm/arm-gnu-toolchain/bin/../lib/gcc/arm-none-eabi/6.2.1/thumb/v6-m/crtbegin.o
LOAD c:/program files (x86)/atmel/studio/7.0/toolchain/arm/arm-gnu-toolchain/bin/../lib/gcc/arm-none-eabi/6.2.1/../../../../arm-none-eabi/lib/thumb/v6-m/crt0.o
LOAD src/ASF/common2/components/memory/serial_flash/at25dfx/at25dfx.o
LOAD src/ASF/common/services/crc32/crc32.o
LOAD src/ASF/sam0/drivers/nvm/nvm.o
LOAD src/ASF/sam0/drivers/sercom/sercom.o
LOAD src/ASF/sam0/drivers/sercom/spi/spi.o
LOAD src/ASF/sam0/drivers/sercom/spi/spi_interrupt.o
LOAD src/ASF/sam0/drivers/sercom/spi_master_vec/spi_master_vec.o
LOAD src/ASF/sam0/drivers/sercom/sercom_interrupt.o
LOAD src/ASF/common/utils/interrupt/interrupt_sam_nvic.o
LOAD src/ASF/sam0/boards/samw25_xplained_pro/board_init.o
LOAD src/ASF/sam0/drivers/port/port.o
LOAD src/ASF/sam0/drivers/sercom/usart/usart.o
LOAD src/ASF/sam0/drivers/sercom/usart/usart_interrupt.o
LOAD src/ASF/sam0/drivers/system/clock/clock_samd21_r21_da_ha1/clock.o
LOAD src/ASF/sam0/drivers/system/clock/clock_samd21_r21_da_ha1/gclk.o
LOAD src/ASF/sam0/drivers/system/interrupt/system_interrupt.o
LOAD src/ASF/sam0/drivers/system/pinmux/pinmux.o
LOAD src/ASF/sam0/drivers/system/system.o
LOAD src/ASF/sam0/utils/cmsis/samd21/source/gcc/startup_samd21.o
LOAD src/ASF/sam0/utils/cmsis/samd21/source/system_samd21.o
LOAD src/ASF/sam0/utils/stdio/read.o
LOAD src/ASF/sam0/utils/stdio/write.o
LOAD src/ASF/sam0/utils/syscalls/gcc/syscalls.o
LOAD src/main.o
START GROUP
LOAD ../src/ASF/thirdparty/CMSIS/Lib/GCC\libarm_cortexM0l_math.a
LOAD c:/program files (x86)/atmel/studio/7.0/toolchain/arm/arm-gnu-toolchain/bin/../lib/gcc/arm-none-eabi/6.2.1/../../../../arm-none-eabi/lib/thumb/v6-m\libm.a
END GROUP
START GROUP
LOAD c:/program files (x86)/atmel/studio/7.0/toolchain/arm/arm-gnu-toolchain/bin/../lib/gcc/arm-none-eabi/6.2.1/thumb/v6-m\libgcc.a
LOAD c:/program files (x86)/atmel/studio/7.0/toolchain/arm/arm-gnu-toolchain/bin/../lib/gcc/arm-none-eabi/6.2.1/../../../../arm-none-eabi/lib/thumb/v6-m\libc_nano.a
END GROUP
START GROUP
LOAD c:/program files (x86)/atmel/studio/7.0/toolchain/arm/arm-gnu-toolchain/bin/../lib/gcc/arm-none-eabi/6.2.1/thumb/v6-m\libgcc.a
LOAD c:/program files (x86)/atmel/studio/7.0/toolchain/arm/arm-gnu-toolchain/bin/../lib/gcc/arm-none-eabi/6.2.1/../../../../arm-none-eabi/lib/thumb/v6-m\libc_nano.a
END GROUP
LOAD c:/program files (x86)/atmel/studio/7.0/toolchain/arm/arm-gnu-toolchain/bin/../lib/gcc/arm-none-eabi/6.2.1/thumb/v6-m/crtend.o
LOAD c:/program files (x86)/atmel/studio/7.0/toolchain/arm/arm-gnu-toolchain/bin/../lib/gcc/arm-none-eabi/6.2.1/thumb/v6-m/crtn.o
                0x00002000                STACK_SIZE = DEFINED (STACK_SIZE)?STACK_SIZE:DEFINED (__stack_size__)?__stack_size__:0x2000

.text           0x00000000     0x3d88
                0x00000000                . = ALIGN (0x4)
                0x00000000                _sfixed = .
 *(.vectors .vectors.*)
 .vectors       0x00000000       0xb4 src/ASF/sam0/utils/cmsis/samd21/source/gcc/startup_samd21.o
                0x00000000                exception_table
 *(.text .text.* .gnu.linkonce.t.*)
 .text          0x000000b4       0x60 c:/program files (x86)/atmel/studio/7.0/toolchain/arm/arm-gnu-toolchain/bin/../lib/gcc/arm-none-eabi/6.2.1/thumb/v6-m/crtbegin.o
 .text.at25dfx_chip_check_presence
                0x00000114      0x128 src/ASF/common2/components/memory/serial_flash/at25dfx/at25dfx.o
                0x00000114                at25dfx_chip_check_presence
 .text.at25dfx_chip_read_buffer
                0x0000023c      0x114 src/ASF/common2/components/memory/serial_flash/at25dfx/at25dfx.o
                0x0000023c                at25dfx_chip_read_buffer
 .text.at25dfx_chip_sleep
                0x00000350       0xa0 src/ASF/common2/components/memory/serial_flash/at25dfx/at25dfx.o
                0x00000350                at25dfx_chip_sleep
 .text.at25dfx_chip_wake
                0x000003f0       0xa0 src/ASF/common2/components/memory/serial_flash/at25dfx/at25dfx.o
                0x000003f0                at25dfx_chip_wake
 .text.crc32_recalculate
                0x00000490       0xd8 src/ASF/common/services/crc32/crc32.o
                0x00000490                crc32_recalculate
 .text.nvm_set_config
                0x00000568       0x88 src/ASF/sam0/drivers/nvm/nvm.o
                0x00000568                nvm_set_config
 .text.nvm_execute_command
                0x000005f0       0xa0 src/ASF/sam0/drivers/nvm/nvm.o
                0x000005f0                nvm_execute_command
 .text.nvm_write_buffer
                0x00000690       0xa8 src/ASF/sam0/drivers/nvm/nvm.o
                0x00000690                nvm_write_buffer
 .text.nvm_read_buffer
                0x00000738       0x6c src/ASF/sam0/drivers/nvm/nvm.o
                0x00000738                nvm_read_buffer
 .text.nvm_erase_row
                0x000007a4       0x5c src/ASF/sam0/drivers/nvm/nvm.o
                0x000007a4                nvm_erase_row
 .text.long_division
                0x00000800       0xba src/ASF/sam0/drivers/sercom/sercom.o
 .text._sercom_get_sync_baud_val
                0x000008ba       0x28 src/ASF/sam0/drivers/sercom/sercom.o
                0x000008ba                _sercom_get_sync_baud_val
 *fill*         0x000008e2        0x2 
 .text._sercom_get_async_baud_val
                0x000008e4       0x94 src/ASF/sam0/drivers/sercom/sercom.o
                0x000008e4                _sercom_get_async_baud_val
 .text.sercom_set_gclk_generator
                0x00000978       0x4c src/ASF/sam0/drivers/sercom/sercom.o
                0x00000978                sercom_set_gclk_generator
 .text._sercom_get_default_pad
                0x000009c4      0x178 src/ASF/sam0/drivers/sercom/sercom.o
                0x000009c4                _sercom_get_default_pad
 .text._sercom_get_sercom_inst_index
                0x00000b3c       0x38 src/ASF/sam0/drivers/sercom/sercom.o
                0x00000b3c                _sercom_get_sercom_inst_index
 .text._spi_master_vec_int_handler
                0x00000b74      0x10c src/ASF/sam0/drivers/sercom/spi_master_vec/spi_master_vec.o
 .text.spi_master_vec_init
                0x00000c80      0x1ac src/ASF/sam0/drivers/sercom/spi_master_vec/spi_master_vec.o
                0x00000c80                spi_master_vec_init
 .text.spi_master_vec_enable
                0x00000e2c       0x34 src/ASF/sam0/drivers/sercom/spi_master_vec/spi_master_vec.o
                0x00000e2c                spi_master_vec_enable
 .text.spi_master_vec_transceive_buffer_job
                0x00000e60       0x8c src/ASF/sam0/drivers/sercom/spi_master_vec/spi_master_vec.o
                0x00000e60                spi_master_vec_transceive_buffer_job
 .text._sercom_default_handler
                0x00000eec        0x2 src/ASF/sam0/drivers/sercom/sercom_interrupt.o
 *fill*         0x00000eee        0x2 
 .text._sercom_set_handler
                0x00000ef0       0x3c src/ASF/sam0/drivers/sercom/sercom_interrupt.o
                0x00000ef0                _sercom_set_handler
 .text._sercom_get_interrupt_vector
                0x00000f2c       0x30 src/ASF/sam0/drivers/sercom/sercom_interrupt.o
                0x00000f2c                _sercom_get_interrupt_vector
 .text.SERCOM0_Handler
                0x00000f5c       0x10 src/ASF/sam0/drivers/sercom/sercom_interrupt.o
                0x00000f5c                SERCOM0_Handler
 .text.SERCOM1_Handler
                0x00000f6c       0x10 src/ASF/sam0/drivers/sercom/sercom_interrupt.o
                0x00000f6c                SERCOM1_Handler
 .text.SERCOM2_Handler
                0x00000f7c       0x10 src/ASF/sam0/drivers/sercom/sercom_interrupt.o
                0x00000f7c                SERCOM2_Handler
 .text.SERCOM3_Handler
                0x00000f8c       0x10 src/ASF/sam0/drivers/sercom/sercom_interrupt.o
                0x00000f8c                SERCOM3_Handler
 .text.SERCOM4_Handler
                0x00000f9c       0x10 src/ASF/sam0/drivers/sercom/sercom_interrupt.o
                0x00000f9c                SERCOM4_Handler
 .text.SERCOM5_Handler
                0x00000fac       0x10 src/ASF/sam0/drivers/sercom/sercom_interrupt.o
                0x00000fac                SERCOM5_Handler
 .text.cpu_irq_enter_critical
                0x00000fbc       0x40 src/ASF/common/utils/interrupt/interrupt_sam_nvic.o
                0x00000fbc                cpu_irq_enter_critical
 .text.cpu_irq_leave_critical
                0x00000ffc       0x30 src/ASF/common/utils/interrupt/interrupt_sam_nvic.o
                0x00000ffc                cpu_irq_leave_critical
 .text.system_board_init
                0x0000102c       0x38 src/ASF/sam0/boards/samw25_xplained_pro/board_init.o
                0x0000102c                board_init
                0x0000102c                system_board_init
 .text.port_pin_set_config
                0x00001064       0x24 src/ASF/sam0/drivers/port/port.o
                0x00001064                port_pin_set_config
 .text.usart_init
                0x00001088      0x344 src/ASF/sam0/drivers/sercom/usart/usart.o
                0x00001088                usart_init
 .text.usart_write_wait
                0x000013cc       0x2c src/ASF/sam0/drivers/sercom/usart/usart.o
                0x000013cc                usart_write_wait
 .text.usart_read_wait
                0x000013f8       0x70 src/ASF/sam0/drivers/sercom/usart/usart.o
                0x000013f8                usart_read_wait
 .text._usart_interrupt_handler
                0x00001468      0x194 src/ASF/sam0/drivers/sercom/usart/usart_interrupt.o
                0x00001468                _usart_interrupt_handler
 .text.system_clock_source_get_hz
                0x000015fc       0x90 src/ASF/sam0/drivers/system/clock/clock_samd21_r21_da_ha1/clock.o
                0x000015fc                system_clock_source_get_hz
 .text.system_clock_source_osc8m_set_config
                0x0000168c       0x3c src/ASF/sam0/drivers/system/clock/clock_samd21_r21_da_ha1/clock.o
                0x0000168c                system_clock_source_osc8m_set_config
 .text.system_clock_source_xosc32k_set_config
                0x000016c8       0xb8 src/ASF/sam0/drivers/system/clock/clock_samd21_r21_da_ha1/clock.o
                0x000016c8                system_clock_source_xosc32k_set_config
 .text.system_clock_source_dfll_set_config
                0x00001780       0x80 src/ASF/sam0/drivers/system/clock/clock_samd21_r21_da_ha1/clock.o
                0x00001780                system_clock_source_dfll_set_config
 .text.system_clock_source_enable
                0x00001800       0xa8 src/ASF/sam0/drivers/system/clock/clock_samd21_r21_da_ha1/clock.o
                0x00001800                system_clock_source_enable
 .text.system_clock_init
                0x000018a8      0x160 src/ASF/sam0/drivers/system/clock/clock_samd21_r21_da_ha1/clock.o
                0x000018a8                system_clock_init
 .text.system_gclk_init
                0x00001a08       0x24 src/ASF/sam0/drivers/system/clock/clock_samd21_r21_da_ha1/gclk.o
                0x00001a08                system_gclk_init
 .text.system_gclk_gen_set_config
                0x00001a2c       0xb8 src/ASF/sam0/drivers/system/clock/clock_samd21_r21_da_ha1/gclk.o
                0x00001a2c                system_gclk_gen_set_config
 .text.system_gclk_gen_enable
                0x00001ae4       0x44 src/ASF/sam0/drivers/system/clock/clock_samd21_r21_da_ha1/gclk.o
                0x00001ae4                system_gclk_gen_enable
 .text.system_gclk_gen_get_hz
                0x00001b28       0x8c src/ASF/sam0/drivers/system/clock/clock_samd21_r21_da_ha1/gclk.o
                0x00001b28                system_gclk_gen_get_hz
 .text.system_gclk_chan_enable
                0x00001bb4       0x30 src/ASF/sam0/drivers/system/clock/clock_samd21_r21_da_ha1/gclk.o
                0x00001bb4                system_gclk_chan_enable
 .text.system_gclk_chan_disable
                0x00001be4       0x5c src/ASF/sam0/drivers/system/clock/clock_samd21_r21_da_ha1/gclk.o
                0x00001be4                system_gclk_chan_disable
 .text.system_gclk_chan_set_config
                0x00001c40       0x1c src/ASF/sam0/drivers/system/clock/clock_samd21_r21_da_ha1/gclk.o
                0x00001c40                system_gclk_chan_set_config
 .text.system_gclk_chan_get_hz
                0x00001c5c       0x34 src/ASF/sam0/drivers/system/clock/clock_samd21_r21_da_ha1/gclk.o
                0x00001c5c                system_gclk_chan_get_hz
 .text._system_pinmux_config
                0x00001c90       0xa8 src/ASF/sam0/drivers/system/pinmux/pinmux.o
 .text.system_pinmux_pin_set_config
                0x00001d38       0x30 src/ASF/sam0/drivers/system/pinmux/pinmux.o
                0x00001d38                system_pinmux_pin_set_config
 .text._system_dummy_init
                0x00001d68        0x2 src/ASF/sam0/drivers/system/system.o
                0x00001d68                _system_extint_init
                0x00001d68                _system_events_init
                0x00001d68                _system_dummy_init
                0x00001d68                _system_divas_init
 *fill*         0x00001d6a        0x2 
 .text.system_init
                0x00001d6c       0x2c src/ASF/sam0/drivers/system/system.o
                0x00001d6c                system_init
 .text.Dummy_Handler
                0x00001d98        0x2 src/ASF/sam0/utils/cmsis/samd21/source/gcc/startup_samd21.o
                0x00001d98                DMAC_Handler
                0x00001d98                HardFault_Handler
                0x00001d98                AC_Handler
                0x00001d98                SysTick_Handler
                0x00001d98                PendSV_Handler
                0x00001d98                NMI_Handler
                0x00001d98                ADC_Handler
                0x00001d98                TCC1_Handler
                0x00001d98                TCC0_Handler
                0x00001d98                RTC_Handler
                0x00001d98                EIC_Handler
                0x00001d98                WDT_Handler
                0x00001d98                TC4_Handler
                0x00001d98                USB_Handler
                0x00001d98                TC3_Handler
                0x00001d98                Dummy_Handler
                0x00001d98                PM_Handler
                0x00001d98                SVC_Handler
                0x00001d98                TCC2_Handler
                0x00001d98                EVSYS_Handler
                0x00001d98                I2S_Handler
                0x00001d98                NVMCTRL_Handler
                0x00001d98                DAC_Handler
                0x00001d98                PTC_Handler
                0x00001d98                TC5_Handler
                0x00001d98                SYSCTRL_Handler
 *fill*         0x00001d9a        0x2 
 .text.Reset_Handler
                0x00001d9c       0xe4 src/ASF/sam0/utils/cmsis/samd21/source/gcc/startup_samd21.o
                0x00001d9c                Reset_Handler
 .text._read    0x00001e80       0x44 src/ASF/sam0/utils/stdio/read.o
                0x00001e80                _read
 .text._write   0x00001ec4       0x50 src/ASF/sam0/utils/stdio/write.o
                0x00001ec4                _write
 .text._sbrk    0x00001f14       0x24 src/ASF/sam0/utils/syscalls/gcc/syscalls.o
                0x00001f14                _sbrk
 .text._close   0x00001f38        0x6 src/ASF/sam0/utils/syscalls/gcc/syscalls.o
                0x00001f38                _close
 .text._fstat   0x00001f3e        0xa src/ASF/sam0/utils/syscalls/gcc/syscalls.o
                0x00001f3e                _fstat
 .text._isatty  0x00001f48        0x4 src/ASF/sam0/utils/syscalls/gcc/syscalls.o
                0x00001f48                _isatty
 .text._lseek   0x00001f4c        0x4 src/ASF/sam0/utils/syscalls/gcc/syscalls.o
                0x00001f4c                _lseek
 .text.jump_to_firmware
                0x00001f50       0x24 src/main.o
 .text.usart_serial_getchar
                0x00001f74       0x2c src/main.o
 .text.usart_serial_putchar
                0x00001fa0       0x18 src/main.o
 .text.write_nvm
                0x00001fb8      0x1a0 src/main.o
 .text.write_nvm_status
                0x00002158       0x34 src/main.o
 .text.verify_checksum
                0x0000218c       0xd0 src/main.o
 .text.main     0x0000225c      0x3f8 src/main.o
                0x0000225c                main
 .text          0x00002654      0x114 c:/program files (x86)/atmel/studio/7.0/toolchain/arm/arm-gnu-toolchain/bin/../lib/gcc/arm-none-eabi/6.2.1/thumb/v6-m\libgcc.a(_udivsi3.o)
                0x00002654                __aeabi_uidiv
                0x00002654                __udivsi3
                0x00002760                __aeabi_uidivmod
 .text          0x00002768        0x4 c:/program files (x86)/atmel/studio/7.0/toolchain/arm/arm-gnu-toolchain/bin/../lib/gcc/arm-none-eabi/6.2.1/thumb/v6-m\libgcc.a(_dvmd_tls.o)
                0x00002768                __aeabi_idiv0
                0x00002768                __aeabi_ldiv0
 .text          0x0000276c       0x54 c:/program files (x86)/atmel/studio/7.0/toolchain/arm/arm-gnu-toolchain/bin/../lib/gcc/arm-none-eabi/6.2.1/thumb/v6-m\libgcc.a(_muldi3.o)
                0x0000276c                __muldi3
                0x0000276c                __aeabi_lmul
 .text.__libc_init_array
                0x000027c0       0x48 c:/program files (x86)/atmel/studio/7.0/toolchain/arm/arm-gnu-toolchain/bin/../lib/gcc/arm-none-eabi/6.2.1/../../../../arm-none-eabi/lib/thumb/v6-m\libc_nano.a(lib_a-init.o)
                0x000027c0                __libc_init_array
 .text.memset   0x00002808       0x10 c:/program files (x86)/atmel/studio/7.0/toolchain/arm/arm-gnu-toolchain/bin/../lib/gcc/arm-none-eabi/6.2.1/../../../../arm-none-eabi/lib/thumb/v6-m\libc_nano.a(lib_a-memset.o)
                0x00002808                memset
 .text.printf   0x00002818       0x34 c:/program files (x86)/atmel/studio/7.0/toolchain/arm/arm-gnu-toolchain/bin/../lib/gcc/arm-none-eabi/6.2.1/../../../../arm-none-eabi/lib/thumb/v6-m\libc_nano.a(lib_a-printf.o)
                0x00002818                iprintf
                0x00002818                printf
 .text._puts_r  0x0000284c       0xc0 c:/program files (x86)/atmel/studio/7.0/toolchain/arm/arm-gnu-toolchain/bin/../lib/gcc/arm-none-eabi/6.2.1/../../../../arm-none-eabi/lib/thumb/v6-m\libc_nano.a(lib_a-puts.o)
                0x0000284c                _puts_r
 .text.puts     0x0000290c       0x14 c:/program files (x86)/atmel/studio/7.0/toolchain/arm/arm-gnu-toolchain/bin/../lib/gcc/arm-none-eabi/6.2.1/../../../../arm-none-eabi/lib/thumb/v6-m\libc_nano.a(lib_a-puts.o)
                0x0000290c                puts
 .text.setbuf   0x00002920       0x12 c:/program files (x86)/atmel/studio/7.0/toolchain/arm/arm-gnu-toolchain/bin/../lib/gcc/arm-none-eabi/6.2.1/../../../../arm-none-eabi/lib/thumb/v6-m\libc_nano.a(lib_a-setbuf.o)
                0x00002920                setbuf
 *fill*         0x00002932        0x2 
 .text.setvbuf  0x00002934      0x158 c:/program files (x86)/atmel/studio/7.0/toolchain/arm/arm-gnu-toolchain/bin/../lib/gcc/arm-none-eabi/6.2.1/../../../../arm-none-eabi/lib/thumb/v6-m\libc_nano.a(lib_a-setvbuf.o)
                0x00002934                setvbuf
 .text.__swbuf_r
                0x00002a8c       0xac c:/program files (x86)/atmel/studio/7.0/toolchain/arm/arm-gnu-toolchain/bin/../lib/gcc/arm-none-eabi/6.2.1/../../../../arm-none-eabi/lib/thumb/v6-m\libc_nano.a(lib_a-wbuf.o)
                0x00002a8c                __swbuf_r
 .text.__swsetup_r
                0x00002b38       0xec c:/program files (x86)/atmel/studio/7.0/toolchain/arm/arm-gnu-toolchain/bin/../lib/gcc/arm-none-eabi/6.2.1/../../../../arm-none-eabi/lib/thumb/v6-m\libc_nano.a(lib_a-wsetup.o)
                0x00002b38                __swsetup_r
 .text.__sflush_r
                0x00002c24      0x114 c:/program files (x86)/atmel/studio/7.0/toolchain/arm/arm-gnu-toolchain/bin/../lib/gcc/arm-none-eabi/6.2.1/../../../../arm-none-eabi/lib/thumb/v6-m\libc_nano.a(lib_a-fflush.o)
                0x00002c24                __sflush_r
 .text._fflush_r
                0x00002d38       0x58 c:/program files (x86)/atmel/studio/7.0/toolchain/arm/arm-gnu-toolchain/bin/../lib/gcc/arm-none-eabi/6.2.1/../../../../arm-none-eabi/lib/thumb/v6-m\libc_nano.a(lib_a-fflush.o)
                0x00002d38                _fflush_r
 .text._cleanup_r
                0x00002d90       0x10 c:/program files (x86)/atmel/studio/7.0/toolchain/arm/arm-gnu-toolchain/bin/../lib/gcc/arm-none-eabi/6.2.1/../../../../arm-none-eabi/lib/thumb/v6-m\libc_nano.a(lib_a-findfp.o)
                0x00002d90                _cleanup_r
 .text.std.isra.0
                0x00002da0       0x48 c:/program files (x86)/atmel/studio/7.0/toolchain/arm/arm-gnu-toolchain/bin/../lib/gcc/arm-none-eabi/6.2.1/../../../../arm-none-eabi/lib/thumb/v6-m\libc_nano.a(lib_a-findfp.o)
 .text.__sfmoreglue
                0x00002de8       0x2c c:/program files (x86)/atmel/studio/7.0/toolchain/arm/arm-gnu-toolchain/bin/../lib/gcc/arm-none-eabi/6.2.1/../../../../arm-none-eabi/lib/thumb/v6-m\libc_nano.a(lib_a-findfp.o)
                0x00002de8                __sfmoreglue
 .text.__sinit  0x00002e14       0x68 c:/program files (x86)/atmel/studio/7.0/toolchain/arm/arm-gnu-toolchain/bin/../lib/gcc/arm-none-eabi/6.2.1/../../../../arm-none-eabi/lib/thumb/v6-m\libc_nano.a(lib_a-findfp.o)
                0x00002e14                __sinit
 .text.__sfp    0x00002e7c       0x80 c:/program files (x86)/atmel/studio/7.0/toolchain/arm/arm-gnu-toolchain/bin/../lib/gcc/arm-none-eabi/6.2.1/../../../../arm-none-eabi/lib/thumb/v6-m\libc_nano.a(lib_a-findfp.o)
                0x00002e7c                __sfp
 .text._fwalk_reent
                0x00002efc       0x42 c:/program files (x86)/atmel/studio/7.0/toolchain/arm/arm-gnu-toolchain/bin/../lib/gcc/arm-none-eabi/6.2.1/../../../../arm-none-eabi/lib/thumb/v6-m\libc_nano.a(lib_a-fwalk.o)
                0x00002efc                _fwalk_reent
 *fill*         0x00002f3e        0x2 
 .text.__swhatbuf_r
                0x00002f40       0x50 c:/program files (x86)/atmel/studio/7.0/toolchain/arm/arm-gnu-toolchain/bin/../lib/gcc/arm-none-eabi/6.2.1/../../../../arm-none-eabi/lib/thumb/v6-m\libc_nano.a(lib_a-makebuf.o)
                0x00002f40                __swhatbuf_r
 .text.__smakebuf_r
                0x00002f90       0x7c c:/program files (x86)/atmel/studio/7.0/toolchain/arm/arm-gnu-toolchain/bin/../lib/gcc/arm-none-eabi/6.2.1/../../../../arm-none-eabi/lib/thumb/v6-m\libc_nano.a(lib_a-makebuf.o)
                0x00002f90                __smakebuf_r
 .text.malloc   0x0000300c       0x14 c:/program files (x86)/atmel/studio/7.0/toolchain/arm/arm-gnu-toolchain/bin/../lib/gcc/arm-none-eabi/6.2.1/../../../../arm-none-eabi/lib/thumb/v6-m\libc_nano.a(lib_a-malloc.o)
                0x0000300c                malloc
 .text._free_r  0x00003020       0x94 c:/program files (x86)/atmel/studio/7.0/toolchain/arm/arm-gnu-toolchain/bin/../lib/gcc/arm-none-eabi/6.2.1/../../../../arm-none-eabi/lib/thumb/v6-m\libc_nano.a(lib_a-nano-freer.o)
                0x00003020                _free_r
 .text._malloc_r
                0x000030b4       0xbc c:/program files (x86)/atmel/studio/7.0/toolchain/arm/arm-gnu-toolchain/bin/../lib/gcc/arm-none-eabi/6.2.1/../../../../arm-none-eabi/lib/thumb/v6-m\libc_nano.a(lib_a-nano-mallocr.o)
                0x000030b4                _malloc_r
 .text.__sfputc_r
                0x00003170       0x2a c:/program files (x86)/atmel/studio/7.0/toolchain/arm/arm-gnu-toolchain/bin/../lib/gcc/arm-none-eabi/6.2.1/../../../../arm-none-eabi/lib/thumb/v6-m\libc_nano.a(lib_a-nano-vfprintf.o)
 .text.__sfputs_r
                0x0000319a       0x24 c:/program files (x86)/atmel/studio/7.0/toolchain/arm/arm-gnu-toolchain/bin/../lib/gcc/arm-none-eabi/6.2.1/../../../../arm-none-eabi/lib/thumb/v6-m\libc_nano.a(lib_a-nano-vfprintf.o)
                0x0000319a                __sfputs_r
 *fill*         0x000031be        0x2 
 .text._vfprintf_r
                0x000031c0      0x238 c:/program files (x86)/atmel/studio/7.0/toolchain/arm/arm-gnu-toolchain/bin/../lib/gcc/arm-none-eabi/6.2.1/../../../../arm-none-eabi/lib/thumb/v6-m\libc_nano.a(lib_a-nano-vfprintf.o)
                0x000031c0                _vfprintf_r
                0x000031c0                _vfiprintf_r
 .text._printf_common
                0x000033f8       0xda c:/program files (x86)/atmel/studio/7.0/toolchain/arm/arm-gnu-toolchain/bin/../lib/gcc/arm-none-eabi/6.2.1/../../../../arm-none-eabi/lib/thumb/v6-m\libc_nano.a(lib_a-nano-vfprintf_i.o)
                0x000033f8                _printf_common
 *fill*         0x000034d2        0x2 
 .text._printf_i
                0x000034d4      0x234 c:/program files (x86)/atmel/studio/7.0/toolchain/arm/arm-gnu-toolchain/bin/../lib/gcc/arm-none-eabi/6.2.1/../../../../arm-none-eabi/lib/thumb/v6-m\libc_nano.a(lib_a-nano-vfprintf_i.o)
                0x000034d4                _printf_i
 .text._sbrk_r  0x00003708       0x24 c:/program files (x86)/atmel/studio/7.0/toolchain/arm/arm-gnu-toolchain/bin/../lib/gcc/arm-none-eabi/6.2.1/../../../../arm-none-eabi/lib/thumb/v6-m\libc_nano.a(lib_a-sbrkr.o)
                0x00003708                _sbrk_r
 .text.__sread  0x0000372c       0x28 c:/program files (x86)/atmel/studio/7.0/toolchain/arm/arm-gnu-toolchain/bin/../lib/gcc/arm-none-eabi/6.2.1/../../../../arm-none-eabi/lib/thumb/v6-m\libc_nano.a(lib_a-stdio.o)
                0x0000372c                __sread
 .text.__swrite
                0x00003754       0x38 c:/program files (x86)/atmel/studio/7.0/toolchain/arm/arm-gnu-toolchain/bin/../lib/gcc/arm-none-eabi/6.2.1/../../../../arm-none-eabi/lib/thumb/v6-m\libc_nano.a(lib_a-stdio.o)
                0x00003754                __swrite
 .text.__sseek  0x0000378c       0x2c c:/program files (x86)/atmel/studio/7.0/toolchain/arm/arm-gnu-toolchain/bin/../lib/gcc/arm-none-eabi/6.2.1/../../../../arm-none-eabi/lib/thumb/v6-m\libc_nano.a(lib_a-stdio.o)
                0x0000378c                __sseek
 .text.__sclose
                0x000037b8        0xc c:/program files (x86)/atmel/studio/7.0/toolchain/arm/arm-gnu-toolchain/bin/../lib/gcc/arm-none-eabi/6.2.1/../../../../arm-none-eabi/lib/thumb/v6-m\libc_nano.a(lib_a-stdio.o)
                0x000037b8                __sclose
 .text._write_r
                0x000037c4       0x28 c:/program files (x86)/atmel/studio/7.0/toolchain/arm/arm-gnu-toolchain/bin/../lib/gcc/arm-none-eabi/6.2.1/../../../../arm-none-eabi/lib/thumb/v6-m\libc_nano.a(lib_a-writer.o)
                0x000037c4                _write_r
 .text._close_r
                0x000037ec       0x24 c:/program files (x86)/atmel/studio/7.0/toolchain/arm/arm-gnu-toolchain/bin/../lib/gcc/arm-none-eabi/6.2.1/../../../../arm-none-eabi/lib/thumb/v6-m\libc_nano.a(lib_a-closer.o)
                0x000037ec                _close_r
 .text._fstat_r
                0x00003810       0x24 c:/program files (x86)/atmel/studio/7.0/toolchain/arm/arm-gnu-toolchain/bin/../lib/gcc/arm-none-eabi/6.2.1/../../../../arm-none-eabi/lib/thumb/v6-m\libc_nano.a(lib_a-fstatr.o)
                0x00003810                _fstat_r
 .text._isatty_r
                0x00003834       0x24 c:/program files (x86)/atmel/studio/7.0/toolchain/arm/arm-gnu-toolchain/bin/../lib/gcc/arm-none-eabi/6.2.1/../../../../arm-none-eabi/lib/thumb/v6-m\libc_nano.a(lib_a-isattyr.o)
                0x00003834                _isatty_r
 .text._lseek_r
                0x00003858       0x28 c:/program files (x86)/atmel/studio/7.0/toolchain/arm/arm-gnu-toolchain/bin/../lib/gcc/arm-none-eabi/6.2.1/../../../../arm-none-eabi/lib/thumb/v6-m\libc_nano.a(lib_a-lseekr.o)
                0x00003858                _lseek_r
 .text.memchr   0x00003880       0x16 c:/program files (x86)/atmel/studio/7.0/toolchain/arm/arm-gnu-toolchain/bin/../lib/gcc/arm-none-eabi/6.2.1/../../../../arm-none-eabi/lib/thumb/v6-m\libc_nano.a(lib_a-memchr-stub.o)
                0x00003880                memchr
 .text.__malloc_lock
                0x00003896        0x2 c:/program files (x86)/atmel/studio/7.0/toolchain/arm/arm-gnu-toolchain/bin/../lib/gcc/arm-none-eabi/6.2.1/../../../../arm-none-eabi/lib/thumb/v6-m\libc_nano.a(lib_a-mlock.o)
                0x00003896                __malloc_lock
 .text.__malloc_unlock
                0x00003898        0x2 c:/program files (x86)/atmel/studio/7.0/toolchain/arm/arm-gnu-toolchain/bin/../lib/gcc/arm-none-eabi/6.2.1/../../../../arm-none-eabi/lib/thumb/v6-m\libc_nano.a(lib_a-mlock.o)
                0x00003898                __malloc_unlock
 *fill*         0x0000389a        0x2 
 .text._read_r  0x0000389c       0x28 c:/program files (x86)/atmel/studio/7.0/toolchain/arm/arm-gnu-toolchain/bin/../lib/gcc/arm-none-eabi/6.2.1/../../../../arm-none-eabi/lib/thumb/v6-m\libc_nano.a(lib_a-readr.o)
                0x0000389c                _read_r
 *(.glue_7t)
 .glue_7t       0x000038c4        0x0 linker stubs
 *(.glue_7)
 .glue_7        0x000038c4        0x0 linker stubs
 *(.rodata .rodata* .gnu.linkonce.r.*)
 .rodata.at25dfx_chip_check_presence
                0x000038c4       0x28 src/ASF/common2/components/memory/serial_flash/at25dfx/at25dfx.o
 .rodata.at25dfx_chip_read_buffer
                0x000038ec       0x28 src/ASF/common2/components/memory/serial_flash/at25dfx/at25dfx.o
 .rodata.nvm_execute_command
                0x00003914      0x118 src/ASF/sam0/drivers/nvm/nvm.o
 .rodata        0x00003a2c       0x18 src/ASF/sam0/drivers/sercom/sercom.o
 .rodata.system_clock_source_get_hz
                0x00003a44       0x24 src/ASF/sam0/drivers/system/clock/clock_samd21_r21_da_ha1/clock.o
 .rodata.system_clock_source_enable
                0x00003a68       0x24 src/ASF/sam0/drivers/system/clock/clock_samd21_r21_da_ha1/clock.o
 .rodata.main.str1.4
                0x00003a8c      0x1ad src/main.o
 *fill*         0x00003c39        0x3 
 .rodata.verify_checksum.str1.4
                0x00003c3c       0x1a src/main.o
 *fill*         0x00003c56        0x2 
 .rodata.write_nvm.str1.4
                0x00003c58       0x78 src/main.o
 .rodata._global_impure_ptr
                0x00003cd0        0x4 c:/program files (x86)/atmel/studio/7.0/toolchain/arm/arm-gnu-toolchain/bin/../lib/gcc/arm-none-eabi/6.2.1/../../../../arm-none-eabi/lib/thumb/v6-m\libc_nano.a(lib_a-impure.o)
                0x00003cd0                _global_impure_ptr
 .rodata.__sf_fake_stderr
                0x00003cd4       0x20 c:/program files (x86)/atmel/studio/7.0/toolchain/arm/arm-gnu-toolchain/bin/../lib/gcc/arm-none-eabi/6.2.1/../../../../arm-none-eabi/lib/thumb/v6-m\libc_nano.a(lib_a-findfp.o)
                0x00003cd4                __sf_fake_stderr
 .rodata.__sf_fake_stdin
                0x00003cf4       0x20 c:/program files (x86)/atmel/studio/7.0/toolchain/arm/arm-gnu-toolchain/bin/../lib/gcc/arm-none-eabi/6.2.1/../../../../arm-none-eabi/lib/thumb/v6-m\libc_nano.a(lib_a-findfp.o)
                0x00003cf4                __sf_fake_stdin
 .rodata.__sf_fake_stdout
                0x00003d14       0x20 c:/program files (x86)/atmel/studio/7.0/toolchain/arm/arm-gnu-toolchain/bin/../lib/gcc/arm-none-eabi/6.2.1/../../../../arm-none-eabi/lib/thumb/v6-m\libc_nano.a(lib_a-findfp.o)
                0x00003d14                __sf_fake_stdout
 .rodata._vfprintf_r.str1.1
                0x00003d34       0x11 c:/program files (x86)/atmel/studio/7.0/toolchain/arm/arm-gnu-toolchain/bin/../lib/gcc/arm-none-eabi/6.2.1/../../../../arm-none-eabi/lib/thumb/v6-m\libc_nano.a(lib_a-nano-vfprintf.o)
 .rodata._printf_i.str1.1
                0x00003d45       0x22 c:/program files (x86)/atmel/studio/7.0/toolchain/arm/arm-gnu-toolchain/bin/../lib/gcc/arm-none-eabi/6.2.1/../../../../arm-none-eabi/lib/thumb/v6-m\libc_nano.a(lib_a-nano-vfprintf_i.o)
 *(.ARM.extab* .gnu.linkonce.armextab.*)
                0x00003d68                . = ALIGN (0x4)
 *fill*         0x00003d67        0x1 
 *(.init)
 .init          0x00003d68        0x4 c:/program files (x86)/atmel/studio/7.0/toolchain/arm/arm-gnu-toolchain/bin/../lib/gcc/arm-none-eabi/6.2.1/thumb/v6-m/crti.o
                0x00003d68                _init
 .init          0x00003d6c        0x8 c:/program files (x86)/atmel/studio/7.0/toolchain/arm/arm-gnu-toolchain/bin/../lib/gcc/arm-none-eabi/6.2.1/thumb/v6-m/crtn.o
                0x00003d74                . = ALIGN (0x4)
                0x00003d74                __preinit_array_start = .
 *(.preinit_array)
                0x00003d74                __preinit_array_end = .
                0x00003d74                . = ALIGN (0x4)
                0x00003d74                __init_array_start = .
 *(SORT(.init_array.*))
 *(.init_array)
 .init_array    0x00003d74        0x4 c:/program files (x86)/atmel/studio/7.0/toolchain/arm/arm-gnu-toolchain/bin/../lib/gcc/arm-none-eabi/6.2.1/thumb/v6-m/crtbegin.o
                0x00003d78                __init_array_end = .
                0x00003d78                . = ALIGN (0x4)
 *crtbegin.o(.ctors)
 *(EXCLUDE_FILE(*crtend.o) .ctors)
 *(SORT(.ctors.*))
 *crtend.o(.ctors)
                0x00003d78                . = ALIGN (0x4)
 *(.fini)
 .fini          0x00003d78        0x4 c:/program files (x86)/atmel/studio/7.0/toolchain/arm/arm-gnu-toolchain/bin/../lib/gcc/arm-none-eabi/6.2.1/thumb/v6-m/crti.o
                0x00003d78                _fini
 .fini          0x00003d7c        0x8 c:/program files (x86)/atmel/studio/7.0/toolchain/arm/arm-gnu-toolchain/bin/../lib/gcc/arm-none-eabi/6.2.1/thumb/v6-m/crtn.o
                0x00003d84                . = ALIGN (0x4)
                0x00003d84                __fini_array_start = .
 *(.fini_array)
 .fini_array    0x00003d84        0x4 c:/program files (x86)/atmel/studio/7.0/toolchain/arm/arm-gnu-toolchain/bin/../lib/gcc/arm-none-eabi/6.2.1/thumb/v6-m/crtbegin.o
 *(SORT(.fini_array.*))
                0x00003d88                __fini_array_end = .
 *crtbegin.o(.dtors)
 *(EXCLUDE_FILE(*crtend.o) .dtors)
 *(SORT(.dtors.*))
 *crtend.o(.dtors)
                0x00003d88                . = ALIGN (0x4)
                0x00003d88                _efixed = .
                [!provide]                PROVIDE (__exidx_start, .)

.vfp11_veneer   0x00003d88        0x0
 .vfp11_veneer  0x00003d88        0x0 linker stubs

.v4_bx          0x00003d88        0x0
 .v4_bx         0x00003d88        0x0 linker stubs

.iplt           0x00003d88        0x0
 .iplt          0x00003d88        0x0 c:/program files (x86)/atmel/studio/7.0/toolchain/arm/arm-gnu-toolchain/bin/../lib/gcc/arm-none-eabi/6.2.1/thumb/v6-m/crtbegin.o

.eh_frame       0x00003d88        0x0
 .eh_frame      0x00003d88        0x0 c:/program files (x86)/atmel/studio/7.0/toolchain/arm/arm-gnu-toolchain/bin/../lib/gcc/arm-none-eabi/6.2.1/thumb/v6-m/crtbegin.o

.rel.dyn        0x00003d88        0x0
 .rel.iplt      0x00003d88        0x0 c:/program files (x86)/atmel/studio/7.0/toolchain/arm/arm-gnu-toolchain/bin/../lib/gcc/arm-none-eabi/6.2.1/thumb/v6-m/crtbegin.o

.jcr            0x00003d88        0x0
 .jcr           0x00003d88        0x0 c:/program files (x86)/atmel/studio/7.0/toolchain/arm/arm-gnu-toolchain/bin/../lib/gcc/arm-none-eabi/6.2.1/thumb/v6-m/crtbegin.o

.igot.plt       0x00003d88        0x0
 .igot.plt      0x00003d88        0x0 c:/program files (x86)/atmel/studio/7.0/toolchain/arm/arm-gnu-toolchain/bin/../lib/gcc/arm-none-eabi/6.2.1/thumb/v6-m/crtbegin.o

.ARM.exidx
 *(.ARM.exidx* .gnu.linkonce.armexidx.*)
                [!provide]                PROVIDE (__exidx_end, .)
                0x00003d88                . = ALIGN (0x4)
                0x00003d88                _etext = .

.relocate       0x20000000       0x68 load address 0x00003d88
                0x20000000                . = ALIGN (0x4)
                0x20000000                _srelocate = .
 *(.ramfunc .ramfunc.*)
 *(.data .data.*)
 .data.g_interrupt_enabled
                0x20000000        0x1 src/ASF/common/utils/interrupt/interrupt_sam_nvic.o
                0x20000000                g_interrupt_enabled
 *fill*         0x20000001        0x3 
 .data._impure_ptr
                0x20000004        0x4 c:/program files (x86)/atmel/studio/7.0/toolchain/arm/arm-gnu-toolchain/bin/../lib/gcc/arm-none-eabi/6.2.1/../../../../arm-none-eabi/lib/thumb/v6-m\libc_nano.a(lib_a-impure.o)
                0x20000004                _impure_ptr
 .data.impure_data
                0x20000008       0x60 c:/program files (x86)/atmel/studio/7.0/toolchain/arm/arm-gnu-toolchain/bin/../lib/gcc/arm-none-eabi/6.2.1/../../../../arm-none-eabi/lib/thumb/v6-m\libc_nano.a(lib_a-impure.o)
                0x20000068                . = ALIGN (0x4)
                0x20000068                _erelocate = .

.bss            0x20000068      0x208 load address 0x00003df0
                0x20000068                . = ALIGN (0x4)
                0x20000068                _sbss = .
                0x20000068                _szero = .
 *(.bss .bss.*)
 .bss           0x20000068       0x1c c:/program files (x86)/atmel/studio/7.0/toolchain/arm/arm-gnu-toolchain/bin/../lib/gcc/arm-none-eabi/6.2.1/thumb/v6-m/crtbegin.o
 .bss._nvm_dev  0x20000084        0x6 src/ASF/sam0/drivers/nvm/nvm.o
 *fill*         0x2000008a        0x2 
 .bss._sercom_config
                0x2000008c        0x2 src/ASF/sam0/drivers/sercom/sercom.o
 .bss._handler_table_initialized
                0x2000008e        0x1 src/ASF/sam0/drivers/sercom/sercom_interrupt.o
 *fill*         0x2000008f        0x1 
 .bss._sercom_interrupt_handlers
                0x20000090       0x18 src/ASF/sam0/drivers/sercom/sercom_interrupt.o
 .bss.cpu_irq_critical_section_counter
                0x200000a8        0x4 src/ASF/common/utils/interrupt/interrupt_sam_nvic.o
 .bss.cpu_irq_prev_interrupt_state
                0x200000ac        0x1 src/ASF/common/utils/interrupt/interrupt_sam_nvic.o
 *fill*         0x200000ad        0x3 
 .bss._system_clock_inst
                0x200000b0       0x18 src/ASF/sam0/drivers/system/clock/clock_samd21_r21_da_ha1/clock.o
 .bss.heap.5276
                0x200000c8        0x4 src/ASF/sam0/utils/syscalls/gcc/syscalls.o
 .bss.cdc_uart_module
                0x200000cc       0x34 src/main.o
 .bss.read_buffer
                0x20000100      0x100 src/main.o
 .bss.__malloc_free_list
                0x20000200        0x4 c:/program files (x86)/atmel/studio/7.0/toolchain/arm/arm-gnu-toolchain/bin/../lib/gcc/arm-none-eabi/6.2.1/../../../../arm-none-eabi/lib/thumb/v6-m\libc_nano.a(lib_a-nano-mallocr.o)
                0x20000200                __malloc_free_list
 .bss.__malloc_sbrk_start
                0x20000204        0x4 c:/program files (x86)/atmel/studio/7.0/toolchain/arm/arm-gnu-toolchain/bin/../lib/gcc/arm-none-eabi/6.2.1/../../../../arm-none-eabi/lib/thumb/v6-m\libc_nano.a(lib_a-nano-mallocr.o)
                0x20000204                __malloc_sbrk_start
 *(COMMON)
 COMMON         0x20000208       0x18 src/ASF/sam0/drivers/sercom/sercom_interrupt.o
                0x20000208                _sercom_instances
 COMMON         0x20000220        0x4 src/ASF/sam0/utils/stdio/read.o
                0x20000220                ptr_get
 COMMON         0x20000224        0x8 src/ASF/sam0/utils/stdio/write.o
                0x20000224                ptr_put
                0x20000228                stdio_base
 COMMON         0x2000022c       0x40 src/main.o
                0x2000022c                image1_metadata
                0x20000234                nvm_status
                0x20000238                at25dfx_chip
                0x20000240                flash_status
                0x20000244                at25dfx_spi
                0x20000264                image2_metadata
 COMMON         0x2000026c        0x4 c:/program files (x86)/atmel/studio/7.0/toolchain/arm/arm-gnu-toolchain/bin/../lib/gcc/arm-none-eabi/6.2.1/../../../../arm-none-eabi/lib/thumb/v6-m\libc_nano.a(lib_a-reent.o)
                0x2000026c                errno
                0x20000270                . = ALIGN (0x4)
                0x20000270                _ebss = .
                0x20000270                _ezero = .

.stack          0x20000270     0x2000 load address 0x00003ff8
                0x20000270                . = ALIGN (0x8)
                0x20000270                _sstack = .
                0x20002270                . = (. + STACK_SIZE)
 *fill*         0x20000270     0x2000 
                0x20002270                . = ALIGN (0x8)
                0x20002270                _estack = .
                0x20002270                . = ALIGN (0x4)
                0x20002270                _end = .
OUTPUT(ESE516_Retro_stat_Bootloader.elf elf32-littlearm)

.ARM.attributes
                0x00000000       0x28
 .ARM.attributes
                0x00000000       0x1e c:/program files (x86)/atmel/studio/7.0/toolchain/arm/arm-gnu-toolchain/bin/../lib/gcc/arm-none-eabi/6.2.1/thumb/v6-m/crti.o
 .ARM.attributes
                0x0000001e       0x2c c:/program files (x86)/atmel/studio/7.0/toolchain/arm/arm-gnu-toolchain/bin/../lib/gcc/arm-none-eabi/6.2.1/thumb/v6-m/crtbegin.o
 .ARM.attributes
                0x0000004a       0x32 src/ASF/common2/components/memory/serial_flash/at25dfx/at25dfx.o
 .ARM.attributes
                0x0000007c       0x32 src/ASF/common/services/crc32/crc32.o
 .ARM.attributes
                0x000000ae       0x32 src/ASF/sam0/drivers/nvm/nvm.o
 .ARM.attributes
                0x000000e0       0x32 src/ASF/sam0/drivers/sercom/sercom.o
 .ARM.attributes
                0x00000112       0x32 src/ASF/sam0/drivers/sercom/spi_master_vec/spi_master_vec.o
 .ARM.attributes
                0x00000144       0x32 src/ASF/sam0/drivers/sercom/sercom_interrupt.o
 .ARM.attributes
                0x00000176       0x32 src/ASF/common/utils/interrupt/interrupt_sam_nvic.o
 .ARM.attributes
                0x000001a8       0x32 src/ASF/sam0/boards/samw25_xplained_pro/board_init.o
 .ARM.attributes
                0x000001da       0x32 src/ASF/sam0/drivers/port/port.o
 .ARM.attributes
                0x0000020c       0x32 src/ASF/sam0/drivers/sercom/usart/usart.o
 .ARM.attributes
                0x0000023e       0x32 src/ASF/sam0/drivers/sercom/usart/usart_interrupt.o
 .ARM.attributes
                0x00000270       0x32 src/ASF/sam0/drivers/system/clock/clock_samd21_r21_da_ha1/clock.o
 .ARM.attributes
                0x000002a2       0x32 src/ASF/sam0/drivers/system/clock/clock_samd21_r21_da_ha1/gclk.o
 .ARM.attributes
                0x000002d4       0x32 src/ASF/sam0/drivers/system/pinmux/pinmux.o
 .ARM.attributes
                0x00000306       0x32 src/ASF/sam0/drivers/system/system.o
 .ARM.attributes
                0x00000338       0x32 src/ASF/sam0/utils/cmsis/samd21/source/gcc/startup_samd21.o
 .ARM.attributes
                0x0000036a       0x32 src/ASF/sam0/utils/stdio/read.o
 .ARM.attributes
                0x0000039c       0x32 src/ASF/sam0/utils/stdio/write.o
 .ARM.attributes
                0x000003ce       0x32 src/ASF/sam0/utils/syscalls/gcc/syscalls.o
 .ARM.attributes
                0x00000400       0x32 src/main.o
 .ARM.attributes
                0x00000432       0x1e c:/program files (x86)/atmel/studio/7.0/toolchain/arm/arm-gnu-toolchain/bin/../lib/gcc/arm-none-eabi/6.2.1/thumb/v6-m\libgcc.a(_udivsi3.o)
 .ARM.attributes
                0x00000450       0x1e c:/program files (x86)/atmel/studio/7.0/toolchain/arm/arm-gnu-toolchain/bin/../lib/gcc/arm-none-eabi/6.2.1/thumb/v6-m\libgcc.a(_dvmd_tls.o)
 .ARM.attributes
                0x0000046e       0x2c c:/program files (x86)/atmel/studio/7.0/toolchain/arm/arm-gnu-toolchain/bin/../lib/gcc/arm-none-eabi/6.2.1/thumb/v6-m\libgcc.a(_muldi3.o)
 .ARM.attributes
                0x0000049a       0x2c c:/program files (x86)/atmel/studio/7.0/toolchain/arm/arm-gnu-toolchain/bin/../lib/gcc/arm-none-eabi/6.2.1/../../../../arm-none-eabi/lib/thumb/v6-m\libc_nano.a(lib_a-impure.o)
 .ARM.attributes
                0x000004c6       0x2c c:/program files (x86)/atmel/studio/7.0/toolchain/arm/arm-gnu-toolchain/bin/../lib/gcc/arm-none-eabi/6.2.1/../../../../arm-none-eabi/lib/thumb/v6-m\libc_nano.a(lib_a-init.o)
 .ARM.attributes
                0x000004f2       0x2c c:/program files (x86)/atmel/studio/7.0/toolchain/arm/arm-gnu-toolchain/bin/../lib/gcc/arm-none-eabi/6.2.1/../../../../arm-none-eabi/lib/thumb/v6-m\libc_nano.a(lib_a-memset.o)
 .ARM.attributes
                0x0000051e       0x2c c:/program files (x86)/atmel/studio/7.0/toolchain/arm/arm-gnu-toolchain/bin/../lib/gcc/arm-none-eabi/6.2.1/../../../../arm-none-eabi/lib/thumb/v6-m\libc_nano.a(lib_a-printf.o)
 .ARM.attributes
                0x0000054a       0x2c c:/program files (x86)/atmel/studio/7.0/toolchain/arm/arm-gnu-toolchain/bin/../lib/gcc/arm-none-eabi/6.2.1/../../../../arm-none-eabi/lib/thumb/v6-m\libc_nano.a(lib_a-puts.o)
 .ARM.attributes
                0x00000576       0x2c c:/program files (x86)/atmel/studio/7.0/toolchain/arm/arm-gnu-toolchain/bin/../lib/gcc/arm-none-eabi/6.2.1/../../../../arm-none-eabi/lib/thumb/v6-m\libc_nano.a(lib_a-setbuf.o)
 .ARM.attributes
                0x000005a2       0x2c c:/program files (x86)/atmel/studio/7.0/toolchain/arm/arm-gnu-toolchain/bin/../lib/gcc/arm-none-eabi/6.2.1/../../../../arm-none-eabi/lib/thumb/v6-m\libc_nano.a(lib_a-setvbuf.o)
 .ARM.attributes
                0x000005ce       0x2c c:/program files (x86)/atmel/studio/7.0/toolchain/arm/arm-gnu-toolchain/bin/../lib/gcc/arm-none-eabi/6.2.1/../../../../arm-none-eabi/lib/thumb/v6-m\libc_nano.a(lib_a-wbuf.o)
 .ARM.attributes
                0x000005fa       0x2c c:/program files (x86)/atmel/studio/7.0/toolchain/arm/arm-gnu-toolchain/bin/../lib/gcc/arm-none-eabi/6.2.1/../../../../arm-none-eabi/lib/thumb/v6-m\libc_nano.a(lib_a-wsetup.o)
 .ARM.attributes
                0x00000626       0x2c c:/program files (x86)/atmel/studio/7.0/toolchain/arm/arm-gnu-toolchain/bin/../lib/gcc/arm-none-eabi/6.2.1/../../../../arm-none-eabi/lib/thumb/v6-m\libc_nano.a(lib_a-fflush.o)
 .ARM.attributes
                0x00000652       0x2c c:/program files (x86)/atmel/studio/7.0/toolchain/arm/arm-gnu-toolchain/bin/../lib/gcc/arm-none-eabi/6.2.1/../../../../arm-none-eabi/lib/thumb/v6-m\libc_nano.a(lib_a-findfp.o)
 .ARM.attributes
                0x0000067e       0x2c c:/program files (x86)/atmel/studio/7.0/toolchain/arm/arm-gnu-toolchain/bin/../lib/gcc/arm-none-eabi/6.2.1/../../../../arm-none-eabi/lib/thumb/v6-m\libc_nano.a(lib_a-fwalk.o)
 .ARM.attributes
                0x000006aa       0x2c c:/program files (x86)/atmel/studio/7.0/toolchain/arm/arm-gnu-toolchain/bin/../lib/gcc/arm-none-eabi/6.2.1/../../../../arm-none-eabi/lib/thumb/v6-m\libc_nano.a(lib_a-makebuf.o)
 .ARM.attributes
                0x000006d6       0x2c c:/program files (x86)/atmel/studio/7.0/toolchain/arm/arm-gnu-toolchain/bin/../lib/gcc/arm-none-eabi/6.2.1/../../../../arm-none-eabi/lib/thumb/v6-m\libc_nano.a(lib_a-malloc.o)
 .ARM.attributes
                0x00000702       0x2c c:/program files (x86)/atmel/studio/7.0/toolchain/arm/arm-gnu-toolchain/bin/../lib/gcc/arm-none-eabi/6.2.1/../../../../arm-none-eabi/lib/thumb/v6-m\libc_nano.a(lib_a-nano-freer.o)
 .ARM.attributes
                0x0000072e       0x2c c:/program files (x86)/atmel/studio/7.0/toolchain/arm/arm-gnu-toolchain/bin/../lib/gcc/arm-none-eabi/6.2.1/../../../../arm-none-eabi/lib/thumb/v6-m\libc_nano.a(lib_a-nano-mallocr.o)
 .ARM.attributes
                0x0000075a       0x2c c:/program files (x86)/atmel/studio/7.0/toolchain/arm/arm-gnu-toolchain/bin/../lib/gcc/arm-none-eabi/6.2.1/../../../../arm-none-eabi/lib/thumb/v6-m\libc_nano.a(lib_a-nano-vfprintf.o)
 .ARM.attributes
                0x00000786       0x2c c:/program files (x86)/atmel/studio/7.0/toolchain/arm/arm-gnu-toolchain/bin/../lib/gcc/arm-none-eabi/6.2.1/../../../../arm-none-eabi/lib/thumb/v6-m\libc_nano.a(lib_a-nano-vfprintf_i.o)
 .ARM.attributes
                0x000007b2       0x2c c:/program files (x86)/atmel/studio/7.0/toolchain/arm/arm-gnu-toolchain/bin/../lib/gcc/arm-none-eabi/6.2.1/../../../../arm-none-eabi/lib/thumb/v6-m\libc_nano.a(lib_a-sbrkr.o)
 .ARM.attributes
                0x000007de       0x2c c:/program files (x86)/atmel/studio/7.0/toolchain/arm/arm-gnu-toolchain/bin/../lib/gcc/arm-none-eabi/6.2.1/../../../../arm-none-eabi/lib/thumb/v6-m\libc_nano.a(lib_a-stdio.o)
 .ARM.attributes
                0x0000080a       0x2c c:/program files (x86)/atmel/studio/7.0/toolchain/arm/arm-gnu-toolchain/bin/../lib/gcc/arm-none-eabi/6.2.1/../../../../arm-none-eabi/lib/thumb/v6-m\libc_nano.a(lib_a-writer.o)
 .ARM.attributes
                0x00000836       0x2c c:/program files (x86)/atmel/studio/7.0/toolchain/arm/arm-gnu-toolchain/bin/../lib/gcc/arm-none-eabi/6.2.1/../../../../arm-none-eabi/lib/thumb/v6-m\libc_nano.a(lib_a-closer.o)
 .ARM.attributes
                0x00000862       0x2c c:/program files (x86)/atmel/studio/7.0/toolchain/arm/arm-gnu-toolchain/bin/../lib/gcc/arm-none-eabi/6.2.1/../../../../arm-none-eabi/lib/thumb/v6-m\libc_nano.a(lib_a-fstatr.o)
 .ARM.attributes
                0x0000088e       0x2c c:/program files (x86)/atmel/studio/7.0/toolchain/arm/arm-gnu-toolchain/bin/../lib/gcc/arm-none-eabi/6.2.1/../../../../arm-none-eabi/lib/thumb/v6-m\libc_nano.a(lib_a-isattyr.o)
 .ARM.attributes
                0x000008ba       0x2c c:/program files (x86)/atmel/studio/7.0/toolchain/arm/arm-gnu-toolchain/bin/../lib/gcc/arm-none-eabi/6.2.1/../../../../arm-none-eabi/lib/thumb/v6-m\libc_nano.a(lib_a-lseekr.o)
 .ARM.attributes
                0x000008e6       0x2c c:/program files (x86)/atmel/studio/7.0/toolchain/arm/arm-gnu-toolchain/bin/../lib/gcc/arm-none-eabi/6.2.1/../../../../arm-none-eabi/lib/thumb/v6-m\libc_nano.a(lib_a-memchr-stub.o)
 .ARM.attributes
                0x00000912       0x2c c:/program files (x86)/atmel/studio/7.0/toolchain/arm/arm-gnu-toolchain/bin/../lib/gcc/arm-none-eabi/6.2.1/../../../../arm-none-eabi/lib/thumb/v6-m\libc_nano.a(lib_a-mlock.o)
 .ARM.attributes
                0x0000093e       0x2c c:/program files (x86)/atmel/studio/7.0/toolchain/arm/arm-gnu-toolchain/bin/../lib/gcc/arm-none-eabi/6.2.1/../../../../arm-none-eabi/lib/thumb/v6-m\libc_nano.a(lib_a-readr.o)
 .ARM.attributes
                0x0000096a       0x2c c:/program files (x86)/atmel/studio/7.0/toolchain/arm/arm-gnu-toolchain/bin/../lib/gcc/arm-none-eabi/6.2.1/../../../../arm-none-eabi/lib/thumb/v6-m\libc_nano.a(lib_a-reent.o)
 .ARM.attributes
                0x00000996       0x1e c:/program files (x86)/atmel/studio/7.0/toolchain/arm/arm-gnu-toolchain/bin/../lib/gcc/arm-none-eabi/6.2.1/thumb/v6-m/crtn.o

.comment        0x00000000       0x59
 .comment       0x00000000       0x59 src/ASF/common2/components/memory/serial_flash/at25dfx/at25dfx.o
                                 0x5a (size before relaxing)
 .comment       0x00000059       0x5a src/ASF/common/services/crc32/crc32.o
 .comment       0x00000059       0x5a src/ASF/sam0/drivers/nvm/nvm.o
 .comment       0x00000059       0x5a src/ASF/sam0/drivers/sercom/sercom.o
 .comment       0x00000059       0x5a src/ASF/sam0/drivers/sercom/spi_master_vec/spi_master_vec.o
 .comment       0x00000059       0x5a src/ASF/sam0/drivers/sercom/sercom_interrupt.o
 .comment       0x00000059       0x5a src/ASF/common/utils/interrupt/interrupt_sam_nvic.o
 .comment       0x00000059       0x5a src/ASF/sam0/boards/samw25_xplained_pro/board_init.o
 .comment       0x00000059       0x5a src/ASF/sam0/drivers/port/port.o
 .comment       0x00000059       0x5a src/ASF/sam0/drivers/sercom/usart/usart.o
 .comment       0x00000059       0x5a src/ASF/sam0/drivers/sercom/usart/usart_interrupt.o
 .comment       0x00000059       0x5a src/ASF/sam0/drivers/system/clock/clock_samd21_r21_da_ha1/clock.o
 .comment       0x00000059       0x5a src/ASF/sam0/drivers/system/clock/clock_samd21_r21_da_ha1/gclk.o
 .comment       0x00000059       0x5a src/ASF/sam0/drivers/system/pinmux/pinmux.o
 .comment       0x00000059       0x5a src/ASF/sam0/drivers/system/system.o
 .comment       0x00000059       0x5a src/ASF/sam0/utils/cmsis/samd21/source/gcc/startup_samd21.o
 .comment       0x00000059       0x5a src/ASF/sam0/utils/stdio/read.o
 .comment       0x00000059       0x5a src/ASF/sam0/utils/stdio/write.o
 .comment       0x00000059       0x5a src/ASF/sam0/utils/syscalls/gcc/syscalls.o
 .comment       0x00000059       0x5a src/main.o

.debug_info     0x00000000    0x3183d
 .debug_info    0x00000000     0x6cb1 src/ASF/common2/components/memory/serial_flash/at25dfx/at25dfx.o
 .debug_info    0x00006cb1      0xca9 src/ASF/common/services/crc32/crc32.o
 .debug_info    0x0000795a     0x2622 src/ASF/sam0/drivers/nvm/nvm.o
 .debug_info    0x00009f7c     0x2dcc src/ASF/sam0/drivers/sercom/sercom.o
 .debug_info    0x0000cd48     0x4a3d src/ASF/sam0/drivers/sercom/spi_master_vec/spi_master_vec.o
 .debug_info    0x00011785     0x2bc6 src/ASF/sam0/drivers/sercom/sercom_interrupt.o
 .debug_info    0x0001434b      0xafb src/ASF/common/utils/interrupt/interrupt_sam_nvic.o
 .debug_info    0x00014e46     0x12a1 src/ASF/sam0/boards/samw25_xplained_pro/board_init.o
 .debug_info    0x000160e7     0x12aa src/ASF/sam0/drivers/port/port.o
 .debug_info    0x00017391     0x4ab4 src/ASF/sam0/drivers/sercom/usart/usart.o
 .debug_info    0x0001be45     0x303f src/ASF/sam0/drivers/sercom/usart/usart_interrupt.o
 .debug_info    0x0001ee84     0x39df src/ASF/sam0/drivers/system/clock/clock_samd21_r21_da_ha1/clock.o
 .debug_info    0x00022863     0x1ec5 src/ASF/sam0/drivers/system/clock/clock_samd21_r21_da_ha1/gclk.o
 .debug_info    0x00024728     0x13e9 src/ASF/sam0/drivers/system/pinmux/pinmux.o
 .debug_info    0x00025b11      0xa67 src/ASF/sam0/drivers/system/system.o
 .debug_info    0x00026578     0x3a49 src/ASF/sam0/utils/cmsis/samd21/source/gcc/startup_samd21.o
 .debug_info    0x00029fc1      0xac3 src/ASF/sam0/utils/stdio/read.o
 .debug_info    0x0002aa84      0xac0 src/ASF/sam0/utils/stdio/write.o
 .debug_info    0x0002b544      0xd8c src/ASF/sam0/utils/syscalls/gcc/syscalls.o
 .debug_info    0x0002c2d0     0x556d src/main.o

.debug_abbrev   0x00000000     0x4206
 .debug_abbrev  0x00000000      0x464 src/ASF/common2/components/memory/serial_flash/at25dfx/at25dfx.o
 .debug_abbrev  0x00000464      0x27f src/ASF/common/services/crc32/crc32.o
 .debug_abbrev  0x000006e3      0x491 src/ASF/sam0/drivers/nvm/nvm.o
 .debug_abbrev  0x00000b74      0x378 src/ASF/sam0/drivers/sercom/sercom.o
 .debug_abbrev  0x00000eec      0x4dd src/ASF/sam0/drivers/sercom/spi_master_vec/spi_master_vec.o
 .debug_abbrev  0x000013c9      0x2d8 src/ASF/sam0/drivers/sercom/sercom_interrupt.o
 .debug_abbrev  0x000016a1      0x22c src/ASF/common/utils/interrupt/interrupt_sam_nvic.o
 .debug_abbrev  0x000018cd      0x2dc src/ASF/sam0/boards/samw25_xplained_pro/board_init.o
 .debug_abbrev  0x00001ba9      0x298 src/ASF/sam0/drivers/port/port.o
 .debug_abbrev  0x00001e41      0x477 src/ASF/sam0/drivers/sercom/usart/usart.o
 .debug_abbrev  0x000022b8      0x416 src/ASF/sam0/drivers/sercom/usart/usart_interrupt.o
 .debug_abbrev  0x000026ce      0x493 src/ASF/sam0/drivers/system/clock/clock_samd21_r21_da_ha1/clock.o
 .debug_abbrev  0x00002b61      0x3f1 src/ASF/sam0/drivers/system/clock/clock_samd21_r21_da_ha1/gclk.o
 .debug_abbrev  0x00002f52      0x37b src/ASF/sam0/drivers/system/pinmux/pinmux.o
 .debug_abbrev  0x000032cd      0x1e1 src/ASF/sam0/drivers/system/system.o
 .debug_abbrev  0x000034ae      0x234 src/ASF/sam0/utils/cmsis/samd21/source/gcc/startup_samd21.o
 .debug_abbrev  0x000036e2      0x218 src/ASF/sam0/utils/stdio/read.o
 .debug_abbrev  0x000038fa      0x203 src/ASF/sam0/utils/stdio/write.o
 .debug_abbrev  0x00003afd      0x257 src/ASF/sam0/utils/syscalls/gcc/syscalls.o
 .debug_abbrev  0x00003d54      0x4b2 src/main.o

.debug_loc      0x00000000     0x9a3a
 .debug_loc     0x00000000     0x3558 src/ASF/common2/components/memory/serial_flash/at25dfx/at25dfx.o
 .debug_loc     0x00003558      0x439 src/ASF/common/services/crc32/crc32.o
 .debug_loc     0x00003991     0x10c4 src/ASF/sam0/drivers/nvm/nvm.o
 .debug_loc     0x00004a55      0x9d5 src/ASF/sam0/drivers/sercom/sercom.o
 .debug_loc     0x0000542a      0x958 src/ASF/sam0/drivers/sercom/spi_master_vec/spi_master_vec.o
 .debug_loc     0x00005d82      0x161 src/ASF/sam0/drivers/sercom/sercom_interrupt.o
 .debug_loc     0x00005ee3       0x8a src/ASF/sam0/boards/samw25_xplained_pro/board_init.o
 .debug_loc     0x00005f6d      0x13d src/ASF/sam0/drivers/port/port.o
 .debug_loc     0x000060aa      0xe2f src/ASF/sam0/drivers/sercom/usart/usart.o
 .debug_loc     0x00006ed9      0x711 src/ASF/sam0/drivers/sercom/usart/usart_interrupt.o
 .debug_loc     0x000075ea      0xfa6 src/ASF/sam0/drivers/system/clock/clock_samd21_r21_da_ha1/clock.o
 .debug_loc     0x00008590      0x504 src/ASF/sam0/drivers/system/clock/clock_samd21_r21_da_ha1/gclk.o
 .debug_loc     0x00008a94      0x36d src/ASF/sam0/drivers/system/pinmux/pinmux.o
 .debug_loc     0x00008e01       0x20 src/ASF/sam0/drivers/system/system.o
 .debug_loc     0x00008e21       0x40 src/ASF/sam0/utils/cmsis/samd21/source/gcc/startup_samd21.o
 .debug_loc     0x00008e61       0xca src/ASF/sam0/utils/stdio/read.o
 .debug_loc     0x00008f2b      0x130 src/ASF/sam0/utils/stdio/write.o
 .debug_loc     0x0000905b       0xef src/ASF/sam0/utils/syscalls/gcc/syscalls.o
 .debug_loc     0x0000914a      0x8f0 src/main.o

.debug_aranges  0x00000000      0x578
 .debug_aranges
                0x00000000       0x68 src/ASF/common2/components/memory/serial_flash/at25dfx/at25dfx.o
 .debug_aranges
                0x00000068       0x20 src/ASF/common/services/crc32/crc32.o
 .debug_aranges
                0x00000088       0x68 src/ASF/sam0/drivers/nvm/nvm.o
 .debug_aranges
                0x000000f0       0x48 src/ASF/sam0/drivers/sercom/sercom.o
 .debug_aranges
                0x00000138       0x48 src/ASF/sam0/drivers/sercom/spi_master_vec/spi_master_vec.o
 .debug_aranges
                0x00000180       0x60 src/ASF/sam0/drivers/sercom/sercom_interrupt.o
 .debug_aranges
                0x000001e0       0x28 src/ASF/common/utils/interrupt/interrupt_sam_nvic.o
 .debug_aranges
                0x00000208       0x20 src/ASF/sam0/boards/samw25_xplained_pro/board_init.o
 .debug_aranges
                0x00000228       0x28 src/ASF/sam0/drivers/port/port.o
 .debug_aranges
                0x00000250       0x40 src/ASF/sam0/drivers/sercom/usart/usart.o
 .debug_aranges
                0x00000290       0x70 src/ASF/sam0/drivers/sercom/usart/usart_interrupt.o
 .debug_aranges
                0x00000300       0x78 src/ASF/sam0/drivers/system/clock/clock_samd21_r21_da_ha1/clock.o
 .debug_aranges
                0x00000378       0x80 src/ASF/sam0/drivers/system/clock/clock_samd21_r21_da_ha1/gclk.o
 .debug_aranges
                0x000003f8       0x40 src/ASF/sam0/drivers/system/pinmux/pinmux.o
 .debug_aranges
                0x00000438       0x28 src/ASF/sam0/drivers/system/system.o
 .debug_aranges
                0x00000460       0x28 src/ASF/sam0/utils/cmsis/samd21/source/gcc/startup_samd21.o
 .debug_aranges
                0x00000488       0x20 src/ASF/sam0/utils/stdio/read.o
 .debug_aranges
                0x000004a8       0x20 src/ASF/sam0/utils/stdio/write.o
 .debug_aranges
                0x000004c8       0x60 src/ASF/sam0/utils/syscalls/gcc/syscalls.o
 .debug_aranges
                0x00000528       0x50 src/main.o

.debug_ranges   0x00000000      0x9d8
 .debug_ranges  0x00000000      0x2f8 src/ASF/common2/components/memory/serial_flash/at25dfx/at25dfx.o
 .debug_ranges  0x000002f8       0x30 src/ASF/common/services/crc32/crc32.o
 .debug_ranges  0x00000328      0x118 src/ASF/sam0/drivers/nvm/nvm.o
 .debug_ranges  0x00000440       0x50 src/ASF/sam0/drivers/sercom/sercom.o
 .debug_ranges  0x00000490       0xe8 src/ASF/sam0/drivers/sercom/spi_master_vec/spi_master_vec.o
 .debug_ranges  0x00000578       0x50 src/ASF/sam0/drivers/sercom/sercom_interrupt.o
 .debug_ranges  0x000005c8       0x18 src/ASF/common/utils/interrupt/interrupt_sam_nvic.o
 .debug_ranges  0x000005e0       0x10 src/ASF/sam0/boards/samw25_xplained_pro/board_init.o
 .debug_ranges  0x000005f0       0x18 src/ASF/sam0/drivers/port/port.o
 .debug_ranges  0x00000608      0x140 src/ASF/sam0/drivers/sercom/usart/usart.o
 .debug_ranges  0x00000748       0x60 src/ASF/sam0/drivers/sercom/usart/usart_interrupt.o
 .debug_ranges  0x000007a8       0x68 src/ASF/sam0/drivers/system/clock/clock_samd21_r21_da_ha1/clock.o
 .debug_ranges  0x00000810       0x88 src/ASF/sam0/drivers/system/clock/clock_samd21_r21_da_ha1/gclk.o
 .debug_ranges  0x00000898       0x30 src/ASF/sam0/drivers/system/pinmux/pinmux.o
 .debug_ranges  0x000008c8       0x18 src/ASF/sam0/drivers/system/system.o
 .debug_ranges  0x000008e0       0x18 src/ASF/sam0/utils/cmsis/samd21/source/gcc/startup_samd21.o
 .debug_ranges  0x000008f8       0x10 src/ASF/sam0/utils/stdio/read.o
 .debug_ranges  0x00000908       0x10 src/ASF/sam0/utils/stdio/write.o
 .debug_ranges  0x00000918       0x50 src/ASF/sam0/utils/syscalls/gcc/syscalls.o
 .debug_ranges  0x00000968       0x70 src/main.o

.debug_macro    0x00000000    0x1aea7
 .debug_macro   0x00000000      0x611 src/ASF/common2/components/memory/serial_flash/at25dfx/at25dfx.o
 .debug_macro   0x00000611      0x8b6 src/ASF/common2/components/memory/serial_flash/at25dfx/at25dfx.o
 .debug_macro   0x00000ec7      0x16d src/ASF/common2/components/memory/serial_flash/at25dfx/at25dfx.o
 .debug_macro   0x00001034      0x64b src/ASF/common2/components/memory/serial_flash/at25dfx/at25dfx.o
 .debug_macro   0x0000167f       0x22 src/ASF/common2/components/memory/serial_flash/at25dfx/at25dfx.o
 .debug_macro   0x000016a1       0x87 src/ASF/common2/components/memory/serial_flash/at25dfx/at25dfx.o
 .debug_macro   0x00001728       0x51 src/ASF/common2/components/memory/serial_flash/at25dfx/at25dfx.o
 .debug_macro   0x00001779       0xef src/ASF/common2/components/memory/serial_flash/at25dfx/at25dfx.o
 .debug_macro   0x00001868       0x6a src/ASF/common2/components/memory/serial_flash/at25dfx/at25dfx.o
 .debug_macro   0x000018d2      0x1df src/ASF/common2/components/memory/serial_flash/at25dfx/at25dfx.o
 .debug_macro   0x00001ab1       0x10 src/ASF/common2/components/memory/serial_flash/at25dfx/at25dfx.o
 .debug_macro   0x00001ac1       0x76 src/ASF/common2/components/memory/serial_flash/at25dfx/at25dfx.o
 .debug_macro   0x00001b37       0x16 src/ASF/common2/components/memory/serial_flash/at25dfx/at25dfx.o
 .debug_macro   0x00001b4d      0x6e5 src/ASF/common2/components/memory/serial_flash/at25dfx/at25dfx.o
 .debug_macro   0x00002232      0xde2 src/ASF/common2/components/memory/serial_flash/at25dfx/at25dfx.o
 .debug_macro   0x00003014       0x22 src/ASF/common2/components/memory/serial_flash/at25dfx/at25dfx.o
 .debug_macro   0x00003036       0x40 src/ASF/common2/components/memory/serial_flash/at25dfx/at25dfx.o
 .debug_macro   0x00003076       0x3a src/ASF/common2/components/memory/serial_flash/at25dfx/at25dfx.o
 .debug_macro   0x000030b0       0x1f src/ASF/common2/components/memory/serial_flash/at25dfx/at25dfx.o
 .debug_macro   0x000030cf      0x250 src/ASF/common2/components/memory/serial_flash/at25dfx/at25dfx.o
 .debug_macro   0x0000331f      0x682 src/ASF/common2/components/memory/serial_flash/at25dfx/at25dfx.o
 .debug_macro   0x000039a1      0x8bf src/ASF/common2/components/memory/serial_flash/at25dfx/at25dfx.o
 .debug_macro   0x00004260      0x235 src/ASF/common2/components/memory/serial_flash/at25dfx/at25dfx.o
 .debug_macro   0x00004495      0xd6a src/ASF/common2/components/memory/serial_flash/at25dfx/at25dfx.o
 .debug_macro   0x000051ff      0x4ce src/ASF/common2/components/memory/serial_flash/at25dfx/at25dfx.o
 .debug_macro   0x000056cd      0x9f8 src/ASF/common2/components/memory/serial_flash/at25dfx/at25dfx.o
 .debug_macro   0x000060c5      0x82b src/ASF/common2/components/memory/serial_flash/at25dfx/at25dfx.o
 .debug_macro   0x000068f0      0x45f src/ASF/common2/components/memory/serial_flash/at25dfx/at25dfx.o
 .debug_macro   0x00006d4f       0x5e src/ASF/common2/components/memory/serial_flash/at25dfx/at25dfx.o
 .debug_macro   0x00006dad      0x906 src/ASF/common2/components/memory/serial_flash/at25dfx/at25dfx.o
 .debug_macro   0x000076b3      0x225 src/ASF/common2/components/memory/serial_flash/at25dfx/at25dfx.o
 .debug_macro   0x000078d8      0x963 src/ASF/common2/components/memory/serial_flash/at25dfx/at25dfx.o
 .debug_macro   0x0000823b       0x5e src/ASF/common2/components/memory/serial_flash/at25dfx/at25dfx.o
 .debug_macro   0x00008299      0x671 src/ASF/common2/components/memory/serial_flash/at25dfx/at25dfx.o
 .debug_macro   0x0000890a      0x3af src/ASF/common2/components/memory/serial_flash/at25dfx/at25dfx.o
 .debug_macro   0x00008cb9      0xc7f src/ASF/common2/components/memory/serial_flash/at25dfx/at25dfx.o
 .debug_macro   0x00009938     0x1092 src/ASF/common2/components/memory/serial_flash/at25dfx/at25dfx.o
 .debug_macro   0x0000a9ca      0xc4a src/ASF/common2/components/memory/serial_flash/at25dfx/at25dfx.o
 .debug_macro   0x0000b614      0x6bf src/ASF/common2/components/memory/serial_flash/at25dfx/at25dfx.o
 .debug_macro   0x0000bcd3     0x1bc9 src/ASF/common2/components/memory/serial_flash/at25dfx/at25dfx.o
 .debug_macro   0x0000d89c     0x144a src/ASF/common2/components/memory/serial_flash/at25dfx/at25dfx.o
 .debug_macro   0x0000ece6      0x34e src/ASF/common2/components/memory/serial_flash/at25dfx/at25dfx.o
 .debug_macro   0x0000f034       0x7c src/ASF/common2/components/memory/serial_flash/at25dfx/at25dfx.o
 .debug_macro   0x0000f0b0       0xa0 src/ASF/common2/components/memory/serial_flash/at25dfx/at25dfx.o
 .debug_macro   0x0000f150       0x4c src/ASF/common2/components/memory/serial_flash/at25dfx/at25dfx.o
 .debug_macro   0x0000f19c       0xca src/ASF/common2/components/memory/serial_flash/at25dfx/at25dfx.o
 .debug_macro   0x0000f266       0x94 src/ASF/common2/components/memory/serial_flash/at25dfx/at25dfx.o
 .debug_macro   0x0000f2fa       0x58 src/ASF/common2/components/memory/serial_flash/at25dfx/at25dfx.o
 .debug_macro   0x0000f352      0x387 src/ASF/common2/components/memory/serial_flash/at25dfx/at25dfx.o
 .debug_macro   0x0000f6d9       0x82 src/ASF/common2/components/memory/serial_flash/at25dfx/at25dfx.o
 .debug_macro   0x0000f75b      0x197 src/ASF/common2/components/memory/serial_flash/at25dfx/at25dfx.o
 .debug_macro   0x0000f8f2       0xb8 src/ASF/common2/components/memory/serial_flash/at25dfx/at25dfx.o
 .debug_macro   0x0000f9aa       0xa0 src/ASF/common2/components/memory/serial_flash/at25dfx/at25dfx.o
 .debug_macro   0x0000fa4a       0xb8 src/ASF/common2/components/memory/serial_flash/at25dfx/at25dfx.o
 .debug_macro   0x0000fb02       0x1c src/ASF/common2/components/memory/serial_flash/at25dfx/at25dfx.o
 .debug_macro   0x0000fb1e       0x1c src/ASF/common2/components/memory/serial_flash/at25dfx/at25dfx.o
 .debug_macro   0x0000fb3a       0x1c src/ASF/common2/components/memory/serial_flash/at25dfx/at25dfx.o
 .debug_macro   0x0000fb56       0x82 src/ASF/common2/components/memory/serial_flash/at25dfx/at25dfx.o
 .debug_macro   0x0000fbd8      0x161 src/ASF/common2/components/memory/serial_flash/at25dfx/at25dfx.o
 .debug_macro   0x0000fd39       0xdc src/ASF/common2/components/memory/serial_flash/at25dfx/at25dfx.o
 .debug_macro   0x0000fe15      0x12f src/ASF/common2/components/memory/serial_flash/at25dfx/at25dfx.o
 .debug_macro   0x0000ff44      0x12f src/ASF/common2/components/memory/serial_flash/at25dfx/at25dfx.o
 .debug_macro   0x00010073      0x12f src/ASF/common2/components/memory/serial_flash/at25dfx/at25dfx.o
 .debug_macro   0x000101a2      0x12f src/ASF/common2/components/memory/serial_flash/at25dfx/at25dfx.o
 .debug_macro   0x000102d1      0x12f src/ASF/common2/components/memory/serial_flash/at25dfx/at25dfx.o
 .debug_macro   0x00010400      0x12f src/ASF/common2/components/memory/serial_flash/at25dfx/at25dfx.o
 .debug_macro   0x0001052f      0x124 src/ASF/common2/components/memory/serial_flash/at25dfx/at25dfx.o
 .debug_macro   0x00010653       0xe2 src/ASF/common2/components/memory/serial_flash/at25dfx/at25dfx.o
 .debug_macro   0x00010735       0xe2 src/ASF/common2/components/memory/serial_flash/at25dfx/at25dfx.o
 .debug_macro   0x00010817       0xe2 src/ASF/common2/components/memory/serial_flash/at25dfx/at25dfx.o
 .debug_macro   0x000108f9      0x133 src/ASF/common2/components/memory/serial_flash/at25dfx/at25dfx.o
 .debug_macro   0x00010a2c      0x106 src/ASF/common2/components/memory/serial_flash/at25dfx/at25dfx.o
 .debug_macro   0x00010b32       0xfa src/ASF/common2/components/memory/serial_flash/at25dfx/at25dfx.o
 .debug_macro   0x00010c2c      0x40f src/ASF/common2/components/memory/serial_flash/at25dfx/at25dfx.o
 .debug_macro   0x0001103b       0x40 src/ASF/common2/components/memory/serial_flash/at25dfx/at25dfx.o
 .debug_macro   0x0001107b      0x361 src/ASF/common2/components/memory/serial_flash/at25dfx/at25dfx.o
 .debug_macro   0x000113dc     0x16ed src/ASF/common2/components/memory/serial_flash/at25dfx/at25dfx.o
 .debug_macro   0x00012ac9       0x6d src/ASF/common2/components/memory/serial_flash/at25dfx/at25dfx.o
 .debug_macro   0x00012b36       0x52 src/ASF/common2/components/memory/serial_flash/at25dfx/at25dfx.o
 .debug_macro   0x00012b88       0x35 src/ASF/common2/components/memory/serial_flash/at25dfx/at25dfx.o
 .debug_macro   0x00012bbd       0x9c src/ASF/common2/components/memory/serial_flash/at25dfx/at25dfx.o
 .debug_macro   0x00012c59       0x16 src/ASF/common2/components/memory/serial_flash/at25dfx/at25dfx.o
 .debug_macro   0x00012c6f       0x35 src/ASF/common2/components/memory/serial_flash/at25dfx/at25dfx.o
 .debug_macro   0x00012ca4      0x330 src/ASF/common2/components/memory/serial_flash/at25dfx/at25dfx.o
 .debug_macro   0x00012fd4       0x10 src/ASF/common2/components/memory/serial_flash/at25dfx/at25dfx.o
 .debug_macro   0x00012fe4       0x52 src/ASF/common2/components/memory/serial_flash/at25dfx/at25dfx.o
 .debug_macro   0x00013036       0x1f src/ASF/common2/components/memory/serial_flash/at25dfx/at25dfx.o
 .debug_macro   0x00013055       0x43 src/ASF/common2/components/memory/serial_flash/at25dfx/at25dfx.o
 .debug_macro   0x00013098       0x20 src/ASF/common2/components/memory/serial_flash/at25dfx/at25dfx.o
 .debug_macro   0x000130b8      0x187 src/ASF/common2/components/memory/serial_flash/at25dfx/at25dfx.o
 .debug_macro   0x0001323f       0x10 src/ASF/common2/components/memory/serial_flash/at25dfx/at25dfx.o
 .debug_macro   0x0001324f       0x1c src/ASF/common2/components/memory/serial_flash/at25dfx/at25dfx.o
 .debug_macro   0x0001326b       0x52 src/ASF/common2/components/memory/serial_flash/at25dfx/at25dfx.o
 .debug_macro   0x000132bd       0x40 src/ASF/common2/components/memory/serial_flash/at25dfx/at25dfx.o
 .debug_macro   0x000132fd       0x10 src/ASF/common2/components/memory/serial_flash/at25dfx/at25dfx.o
 .debug_macro   0x0001330d       0x40 src/ASF/common2/components/memory/serial_flash/at25dfx/at25dfx.o
 .debug_macro   0x0001334d       0xd7 src/ASF/common2/components/memory/serial_flash/at25dfx/at25dfx.o
 .debug_macro   0x00013424       0x16 src/ASF/common2/components/memory/serial_flash/at25dfx/at25dfx.o
 .debug_macro   0x0001343a      0x18b src/ASF/common2/components/memory/serial_flash/at25dfx/at25dfx.o
 .debug_macro   0x000135c5       0x16 src/ASF/common2/components/memory/serial_flash/at25dfx/at25dfx.o
 .debug_macro   0x000135db       0x16 src/ASF/common2/components/memory/serial_flash/at25dfx/at25dfx.o
 .debug_macro   0x000135f1       0x29 src/ASF/common2/components/memory/serial_flash/at25dfx/at25dfx.o
 .debug_macro   0x0001361a       0x51 src/ASF/common2/components/memory/serial_flash/at25dfx/at25dfx.o
 .debug_macro   0x0001366b       0x3f src/ASF/common2/components/memory/serial_flash/at25dfx/at25dfx.o
 .debug_macro   0x000136aa      0x3df src/ASF/common2/components/memory/serial_flash/at25dfx/at25dfx.o
 .debug_macro   0x00013a89       0x18 src/ASF/common2/components/memory/serial_flash/at25dfx/at25dfx.o
 .debug_macro   0x00013aa1       0x12 src/ASF/common2/components/memory/serial_flash/at25dfx/at25dfx.o
 .debug_macro   0x00013ab3       0x11 src/ASF/common2/components/memory/serial_flash/at25dfx/at25dfx.o
 .debug_macro   0x00013ac4       0x16 src/ASF/common2/components/memory/serial_flash/at25dfx/at25dfx.o
 .debug_macro   0x00013ada       0x2e src/ASF/common2/components/memory/serial_flash/at25dfx/at25dfx.o
 .debug_macro   0x00013b08       0xb2 src/ASF/common2/components/memory/serial_flash/at25dfx/at25dfx.o
 .debug_macro   0x00013bba       0x10 src/ASF/common2/components/memory/serial_flash/at25dfx/at25dfx.o
 .debug_macro   0x00013bca       0x16 src/ASF/common2/components/memory/serial_flash/at25dfx/at25dfx.o
 .debug_macro   0x00013be0       0x16 src/ASF/common2/components/memory/serial_flash/at25dfx/at25dfx.o
 .debug_macro   0x00013bf6       0x35 src/ASF/common2/components/memory/serial_flash/at25dfx/at25dfx.o
 .debug_macro   0x00013c2b       0x16 src/ASF/common2/components/memory/serial_flash/at25dfx/at25dfx.o
 .debug_macro   0x00013c41      0x520 src/ASF/common/services/crc32/crc32.o
 .debug_macro   0x00014161      0x599 src/ASF/sam0/drivers/nvm/nvm.o
 .debug_macro   0x000146fa      0x58b src/ASF/sam0/drivers/sercom/sercom.o
 .debug_macro   0x00014c85      0x5e2 src/ASF/sam0/drivers/sercom/spi_master_vec/spi_master_vec.o
 .debug_macro   0x00015267      0x588 src/ASF/sam0/drivers/sercom/sercom_interrupt.o
 .debug_macro   0x000157ef      0x4fe src/ASF/common/utils/interrupt/interrupt_sam_nvic.o
 .debug_macro   0x00015ced      0x53a src/ASF/sam0/boards/samw25_xplained_pro/board_init.o
 .debug_macro   0x00016227      0x2c6 src/ASF/sam0/boards/samw25_xplained_pro/board_init.o
 .debug_macro   0x000164ed      0x6d1 src/ASF/sam0/boards/samw25_xplained_pro/board_init.o
 .debug_macro   0x00016bbe      0x518 src/ASF/sam0/drivers/port/port.o
 .debug_macro   0x000170d6      0x59c src/ASF/sam0/drivers/sercom/usart/usart.o
 .debug_macro   0x00017672       0x51 src/ASF/sam0/drivers/sercom/usart/usart.o
 .debug_macro   0x000176c3      0x59c src/ASF/sam0/drivers/sercom/usart/usart_interrupt.o
 .debug_macro   0x00017c5f      0x57d src/ASF/sam0/drivers/system/clock/clock_samd21_r21_da_ha1/clock.o
 .debug_macro   0x000181dc      0x296 src/ASF/sam0/drivers/system/clock/clock_samd21_r21_da_ha1/clock.o
 .debug_macro   0x00018472      0x534 src/ASF/sam0/drivers/system/clock/clock_samd21_r21_da_ha1/gclk.o
 .debug_macro   0x000189a6      0x50e src/ASF/sam0/drivers/system/pinmux/pinmux.o
 .debug_macro   0x00018eb4       0x12 src/ASF/sam0/drivers/system/pinmux/pinmux.o
 .debug_macro   0x00018ec6      0x541 src/ASF/sam0/drivers/system/system.o
 .debug_macro   0x00019407      0x2e5 src/ASF/sam0/utils/cmsis/samd21/source/gcc/startup_samd21.o
 .debug_macro   0x000196ec       0x3a src/ASF/sam0/utils/cmsis/samd21/source/gcc/startup_samd21.o
 .debug_macro   0x00019726      0x4fe src/ASF/sam0/utils/stdio/read.o
 .debug_macro   0x00019c24      0x4fe src/ASF/sam0/utils/stdio/write.o
 .debug_macro   0x0001a122      0x1d6 src/ASF/sam0/utils/syscalls/gcc/syscalls.o
 .debug_macro   0x0001a2f8       0x4c src/ASF/sam0/utils/syscalls/gcc/syscalls.o
 .debug_macro   0x0001a344       0x8d src/ASF/sam0/utils/syscalls/gcc/syscalls.o
 .debug_macro   0x0001a3d1       0x57 src/ASF/sam0/utils/syscalls/gcc/syscalls.o
 .debug_macro   0x0001a428       0x97 src/ASF/sam0/utils/syscalls/gcc/syscalls.o
 .debug_macro   0x0001a4bf       0xf6 src/ASF/sam0/utils/syscalls/gcc/syscalls.o
 .debug_macro   0x0001a5b5       0x4c src/ASF/sam0/utils/syscalls/gcc/syscalls.o
 .debug_macro   0x0001a601       0x16 src/ASF/sam0/utils/syscalls/gcc/syscalls.o
 .debug_macro   0x0001a617       0x10 src/ASF/sam0/utils/syscalls/gcc/syscalls.o
 .debug_macro   0x0001a627       0x10 src/ASF/sam0/utils/syscalls/gcc/syscalls.o
 .debug_macro   0x0001a637       0x35 src/ASF/sam0/utils/syscalls/gcc/syscalls.o
 .debug_macro   0x0001a66c      0x122 src/ASF/sam0/utils/syscalls/gcc/syscalls.o
 .debug_macro   0x0001a78e      0x6bf src/main.o
 .debug_macro   0x0001ae4d       0x11 src/main.o
 .debug_macro   0x0001ae5e       0x49 src/main.o

.debug_line     0x00000000     0xe04e
 .debug_line    0x00000000     0x169b src/ASF/common2/components/memory/serial_flash/at25dfx/at25dfx.o
 .debug_line    0x0000169b      0x8e0 src/ASF/common/services/crc32/crc32.o
 .debug_line    0x00001f7b      0xde9 src/ASF/sam0/drivers/nvm/nvm.o
 .debug_line    0x00002d64      0xbcc src/ASF/sam0/drivers/sercom/sercom.o
 .debug_line    0x00003930      0xdb2 src/ASF/sam0/drivers/sercom/spi_master_vec/spi_master_vec.o
 .debug_line    0x000046e2      0xb6f src/ASF/sam0/drivers/sercom/sercom_interrupt.o
 .debug_line    0x00005251      0x8c6 src/ASF/common/utils/interrupt/interrupt_sam_nvic.o
 .debug_line    0x00005b17      0x96b src/ASF/sam0/boards/samw25_xplained_pro/board_init.o
 .debug_line    0x00006482      0x8f2 src/ASF/sam0/drivers/port/port.o
 .debug_line    0x00006d74      0xd36 src/ASF/sam0/drivers/sercom/usart/usart.o
 .debug_line    0x00007aaa      0xcc4 src/ASF/sam0/drivers/sercom/usart/usart_interrupt.o
 .debug_line    0x0000876e      0xcb4 src/ASF/sam0/drivers/system/clock/clock_samd21_r21_da_ha1/clock.o
 .debug_line    0x00009422      0xc6e src/ASF/sam0/drivers/system/clock/clock_samd21_r21_da_ha1/gclk.o
 .debug_line    0x0000a090      0x93f src/ASF/sam0/drivers/system/pinmux/pinmux.o
 .debug_line    0x0000a9cf      0x9e9 src/ASF/sam0/drivers/system/system.o
 .debug_line    0x0000b3b8      0x644 src/ASF/sam0/utils/cmsis/samd21/source/gcc/startup_samd21.o
 .debug_line    0x0000b9fc      0x8a3 src/ASF/sam0/utils/stdio/read.o
 .debug_line    0x0000c29f      0x897 src/ASF/sam0/utils/stdio/write.o
 .debug_line    0x0000cb36      0x40a src/ASF/sam0/utils/syscalls/gcc/syscalls.o
 .debug_line    0x0000cf40     0x110e src/main.o

.debug_str      0x00000000    0x8a5d2
 .debug_str     0x00000000    0x804d0 src/ASF/common2/components/memory/serial_flash/at25dfx/at25dfx.o
                              0x80edf (size before relaxing)
 .debug_str     0x000804d0      0x132 src/ASF/common/services/crc32/crc32.o
                              0x7f49d (size before relaxing)
 .debug_str     0x00080602     0x1109 src/ASF/sam0/drivers/nvm/nvm.o
                              0x80936 (size before relaxing)
 .debug_str     0x0008170b      0x4c1 src/ASF/sam0/drivers/sercom/sercom.o
                              0x8085d (size before relaxing)
 .debug_str     0x00081bcc      0xc32 src/ASF/sam0/drivers/sercom/spi_master_vec/spi_master_vec.o
                              0x816bc (size before relaxing)
 .debug_str     0x000827fe      0x167 src/ASF/sam0/drivers/sercom/sercom_interrupt.o
                              0x806c0 (size before relaxing)
 .debug_str     0x00082965       0x66 src/ASF/common/utils/interrupt/interrupt_sam_nvic.o
                              0x7f17c (size before relaxing)
 .debug_str     0x000829cb     0x28e4 src/ASF/sam0/boards/samw25_xplained_pro/board_init.o
                              0x81cc4 (size before relaxing)
 .debug_str     0x000852af       0x5e src/ASF/sam0/drivers/port/port.o
                              0x7f5a8 (size before relaxing)
 .debug_str     0x0008530d      0x936 src/ASF/sam0/drivers/sercom/usart/usart.o
                              0x81628 (size before relaxing)
 .debug_str     0x00085c43      0x198 src/ASF/sam0/drivers/sercom/usart/usart_interrupt.o
                              0x8086e (size before relaxing)
 .debug_str     0x00085ddb     0x2748 src/ASF/sam0/drivers/system/clock/clock_samd21_r21_da_ha1/clock.o
                              0x823d3 (size before relaxing)
 .debug_str     0x00088523      0x1fa src/ASF/sam0/drivers/system/clock/clock_samd21_r21_da_ha1/gclk.o
                              0x7fe3f (size before relaxing)
 .debug_str     0x0008871d      0x179 src/ASF/sam0/drivers/system/pinmux/pinmux.o
                              0x7f61e (size before relaxing)
 .debug_str     0x00088896       0x47 src/ASF/sam0/drivers/system/system.o
                              0x7f259 (size before relaxing)
 .debug_str     0x000888dd      0xf21 src/ASF/sam0/utils/cmsis/samd21/source/gcc/startup_samd21.o
                              0x6b2e3 (size before relaxing)
 .debug_str     0x000897fe       0x3d src/ASF/sam0/utils/stdio/read.o
                              0x7f123 (size before relaxing)
 .debug_str     0x0008983b       0x2c src/ASF/sam0/utils/stdio/write.o
                              0x7f124 (size before relaxing)
 .debug_str     0x00089867      0x756 src/ASF/sam0/utils/syscalls/gcc/syscalls.o
                               0x7234 (size before relaxing)
 .debug_str     0x00089fbd      0x615 src/main.o
                              0x84e11 (size before relaxing)

.debug_frame    0x00000000     0x1558
 .debug_frame   0x00000000      0x14c src/ASF/common2/components/memory/serial_flash/at25dfx/at25dfx.o
 .debug_frame   0x0000014c       0x34 src/ASF/common/services/crc32/crc32.o
 .debug_frame   0x00000180      0x12c src/ASF/sam0/drivers/nvm/nvm.o
 .debug_frame   0x000002ac       0xbc src/ASF/sam0/drivers/sercom/sercom.o
 .debug_frame   0x00000368       0xc0 src/ASF/sam0/drivers/sercom/spi_master_vec/spi_master_vec.o
 .debug_frame   0x00000428       0xe8 src/ASF/sam0/drivers/sercom/sercom_interrupt.o
 .debug_frame   0x00000510       0x30 src/ASF/common/utils/interrupt/interrupt_sam_nvic.o
 .debug_frame   0x00000540       0x30 src/ASF/sam0/boards/samw25_xplained_pro/board_init.o
 .debug_frame   0x00000570       0x44 src/ASF/sam0/drivers/port/port.o
 .debug_frame   0x000005b4       0xac src/ASF/sam0/drivers/sercom/usart/usart.o
 .debug_frame   0x00000660      0x110 src/ASF/sam0/drivers/sercom/usart/usart_interrupt.o
 .debug_frame   0x00000770      0x150 src/ASF/sam0/drivers/system/clock/clock_samd21_r21_da_ha1/clock.o
 .debug_frame   0x000008c0      0x148 src/ASF/sam0/drivers/system/clock/clock_samd21_r21_da_ha1/gclk.o
 .debug_frame   0x00000a08       0x98 src/ASF/sam0/drivers/system/pinmux/pinmux.o
 .debug_frame   0x00000aa0       0x38 src/ASF/sam0/drivers/system/system.o
 .debug_frame   0x00000ad8       0x40 src/ASF/sam0/utils/cmsis/samd21/source/gcc/startup_samd21.o
 .debug_frame   0x00000b18       0x34 src/ASF/sam0/utils/stdio/read.o
 .debug_frame   0x00000b4c       0x34 src/ASF/sam0/utils/stdio/write.o
 .debug_frame   0x00000b80       0xa0 src/ASF/sam0/utils/syscalls/gcc/syscalls.o
 .debug_frame   0x00000c20      0x100 src/main.o
 .debug_frame   0x00000d20       0x20 c:/program files (x86)/atmel/studio/7.0/toolchain/arm/arm-gnu-toolchain/bin/../lib/gcc/arm-none-eabi/6.2.1/thumb/v6-m\libgcc.a(_udivsi3.o)
 .debug_frame   0x00000d40       0x34 c:/program files (x86)/atmel/studio/7.0/toolchain/arm/arm-gnu-toolchain/bin/../lib/gcc/arm-none-eabi/6.2.1/thumb/v6-m\libgcc.a(_muldi3.o)
 .debug_frame   0x00000d74       0x2c c:/program files (x86)/atmel/studio/7.0/toolchain/arm/arm-gnu-toolchain/bin/../lib/gcc/arm-none-eabi/6.2.1/../../../../arm-none-eabi/lib/thumb/v6-m\libc_nano.a(lib_a-init.o)
 .debug_frame   0x00000da0       0x20 c:/program files (x86)/atmel/studio/7.0/toolchain/arm/arm-gnu-toolchain/bin/../lib/gcc/arm-none-eabi/6.2.1/../../../../arm-none-eabi/lib/thumb/v6-m\libc_nano.a(lib_a-memset.o)
 .debug_frame   0x00000dc0       0x50 c:/program files (x86)/atmel/studio/7.0/toolchain/arm/arm-gnu-toolchain/bin/../lib/gcc/arm-none-eabi/6.2.1/../../../../arm-none-eabi/lib/thumb/v6-m\libc_nano.a(lib_a-printf.o)
 .debug_frame   0x00000e10       0x44 c:/program files (x86)/atmel/studio/7.0/toolchain/arm/arm-gnu-toolchain/bin/../lib/gcc/arm-none-eabi/6.2.1/../../../../arm-none-eabi/lib/thumb/v6-m\libc_nano.a(lib_a-puts.o)
 .debug_frame   0x00000e54       0x28 c:/program files (x86)/atmel/studio/7.0/toolchain/arm/arm-gnu-toolchain/bin/../lib/gcc/arm-none-eabi/6.2.1/../../../../arm-none-eabi/lib/thumb/v6-m\libc_nano.a(lib_a-setbuf.o)
 .debug_frame   0x00000e7c       0x30 c:/program files (x86)/atmel/studio/7.0/toolchain/arm/arm-gnu-toolchain/bin/../lib/gcc/arm-none-eabi/6.2.1/../../../../arm-none-eabi/lib/thumb/v6-m\libc_nano.a(lib_a-setvbuf.o)
 .debug_frame   0x00000eac       0x48 c:/program files (x86)/atmel/studio/7.0/toolchain/arm/arm-gnu-toolchain/bin/../lib/gcc/arm-none-eabi/6.2.1/../../../../arm-none-eabi/lib/thumb/v6-m\libc_nano.a(lib_a-wbuf.o)
 .debug_frame   0x00000ef4       0x2c c:/program files (x86)/atmel/studio/7.0/toolchain/arm/arm-gnu-toolchain/bin/../lib/gcc/arm-none-eabi/6.2.1/../../../../arm-none-eabi/lib/thumb/v6-m\libc_nano.a(lib_a-wsetup.o)
 .debug_frame   0x00000f20       0x68 c:/program files (x86)/atmel/studio/7.0/toolchain/arm/arm-gnu-toolchain/bin/../lib/gcc/arm-none-eabi/6.2.1/../../../../arm-none-eabi/lib/thumb/v6-m\libc_nano.a(lib_a-fflush.o)
 .debug_frame   0x00000f88      0x140 c:/program files (x86)/atmel/studio/7.0/toolchain/arm/arm-gnu-toolchain/bin/../lib/gcc/arm-none-eabi/6.2.1/../../../../arm-none-eabi/lib/thumb/v6-m\libc_nano.a(lib_a-findfp.o)
 .debug_frame   0x000010c8       0x58 c:/program files (x86)/atmel/studio/7.0/toolchain/arm/arm-gnu-toolchain/bin/../lib/gcc/arm-none-eabi/6.2.1/../../../../arm-none-eabi/lib/thumb/v6-m\libc_nano.a(lib_a-fwalk.o)
 .debug_frame   0x00001120       0x54 c:/program files (x86)/atmel/studio/7.0/toolchain/arm/arm-gnu-toolchain/bin/../lib/gcc/arm-none-eabi/6.2.1/../../../../arm-none-eabi/lib/thumb/v6-m\libc_nano.a(lib_a-makebuf.o)
 .debug_frame   0x00001174       0x40 c:/program files (x86)/atmel/studio/7.0/toolchain/arm/arm-gnu-toolchain/bin/../lib/gcc/arm-none-eabi/6.2.1/../../../../arm-none-eabi/lib/thumb/v6-m\libc_nano.a(lib_a-malloc.o)
 .debug_frame   0x000011b4       0x2c c:/program files (x86)/atmel/studio/7.0/toolchain/arm/arm-gnu-toolchain/bin/../lib/gcc/arm-none-eabi/6.2.1/../../../../arm-none-eabi/lib/thumb/v6-m\libc_nano.a(lib_a-nano-freer.o)
 .debug_frame   0x000011e0       0x2c c:/program files (x86)/atmel/studio/7.0/toolchain/arm/arm-gnu-toolchain/bin/../lib/gcc/arm-none-eabi/6.2.1/../../../../arm-none-eabi/lib/thumb/v6-m\libc_nano.a(lib_a-nano-mallocr.o)
 .debug_frame   0x0000120c       0x9c c:/program files (x86)/atmel/studio/7.0/toolchain/arm/arm-gnu-toolchain/bin/../lib/gcc/arm-none-eabi/6.2.1/../../../../arm-none-eabi/lib/thumb/v6-m\libc_nano.a(lib_a-nano-vfprintf.o)
 .debug_frame   0x000012a8       0x54 c:/program files (x86)/atmel/studio/7.0/toolchain/arm/arm-gnu-toolchain/bin/../lib/gcc/arm-none-eabi/6.2.1/../../../../arm-none-eabi/lib/thumb/v6-m\libc_nano.a(lib_a-nano-vfprintf_i.o)
 .debug_frame   0x000012fc       0x2c c:/program files (x86)/atmel/studio/7.0/toolchain/arm/arm-gnu-toolchain/bin/../lib/gcc/arm-none-eabi/6.2.1/../../../../arm-none-eabi/lib/thumb/v6-m\libc_nano.a(lib_a-sbrkr.o)
 .debug_frame   0x00001328       0x90 c:/program files (x86)/atmel/studio/7.0/toolchain/arm/arm-gnu-toolchain/bin/../lib/gcc/arm-none-eabi/6.2.1/../../../../arm-none-eabi/lib/thumb/v6-m\libc_nano.a(lib_a-stdio.o)
 .debug_frame   0x000013b8       0x2c c:/program files (x86)/atmel/studio/7.0/toolchain/arm/arm-gnu-toolchain/bin/../lib/gcc/arm-none-eabi/6.2.1/../../../../arm-none-eabi/lib/thumb/v6-m\libc_nano.a(lib_a-writer.o)
 .debug_frame   0x000013e4       0x2c c:/program files (x86)/atmel/studio/7.0/toolchain/arm/arm-gnu-toolchain/bin/../lib/gcc/arm-none-eabi/6.2.1/../../../../arm-none-eabi/lib/thumb/v6-m\libc_nano.a(lib_a-closer.o)
 .debug_frame   0x00001410       0x2c c:/program files (x86)/atmel/studio/7.0/toolchain/arm/arm-gnu-toolchain/bin/../lib/gcc/arm-none-eabi/6.2.1/../../../../arm-none-eabi/lib/thumb/v6-m\libc_nano.a(lib_a-fstatr.o)
 .debug_frame   0x0000143c       0x2c c:/program files (x86)/atmel/studio/7.0/toolchain/arm/arm-gnu-toolchain/bin/../lib/gcc/arm-none-eabi/6.2.1/../../../../arm-none-eabi/lib/thumb/v6-m\libc_nano.a(lib_a-isattyr.o)
 .debug_frame   0x00001468       0x2c c:/program files (x86)/atmel/studio/7.0/toolchain/arm/arm-gnu-toolchain/bin/../lib/gcc/arm-none-eabi/6.2.1/../../../../arm-none-eabi/lib/thumb/v6-m\libc_nano.a(lib_a-lseekr.o)
 .debug_frame   0x00001494       0x20 c:/program files (x86)/atmel/studio/7.0/toolchain/arm/arm-gnu-toolchain/bin/../lib/gcc/arm-none-eabi/6.2.1/../../../../arm-none-eabi/lib/thumb/v6-m\libc_nano.a(lib_a-memchr-stub.o)
 .debug_frame   0x000014b4       0x30 c:/program files (x86)/atmel/studio/7.0/toolchain/arm/arm-gnu-toolchain/bin/../lib/gcc/arm-none-eabi/6.2.1/../../../../arm-none-eabi/lib/thumb/v6-m\libc_nano.a(lib_a-mlock.o)
 .debug_frame   0x000014e4       0x2c c:/program files (x86)/atmel/studio/7.0/toolchain/arm/arm-gnu-toolchain/bin/../lib/gcc/arm-none-eabi/6.2.1/../../../../arm-none-eabi/lib/thumb/v6-m\libc_nano.a(lib_a-readr.o)
 .debug_frame   0x00001510       0x48 c:/program files (x86)/atmel/studio/7.0/toolchain/arm/arm-gnu-toolchain/bin/../lib/gcc/arm-none-eabi/6.2.1/../../../../arm-none-eabi/lib/thumb/v6-m\libc_nano.a(lib_a-reent.o)

Cross Reference Table

Symbol                                            File
AC_Handler                                        src/ASF/sam0/utils/cmsis/samd21/source/gcc/startup_samd21.o
ADC_Handler                                       src/ASF/sam0/utils/cmsis/samd21/source/gcc/startup_samd21.o
DAC_Handler                                       src/ASF/sam0/utils/cmsis/samd21/source/gcc/startup_samd21.o
DMAC_Handler                                      src/ASF/sam0/utils/cmsis/samd21/source/gcc/startup_samd21.o
Dummy_Handler                                     src/ASF/sam0/utils/cmsis/samd21/source/gcc/startup_samd21.o
EIC_Handler                                       src/ASF/sam0/utils/cmsis/samd21/source/gcc/startup_samd21.o
EVSYS_Handler                                     src/ASF/sam0/utils/cmsis/samd21/source/gcc/startup_samd21.o
HardFault_Handler                                 src/ASF/sam0/utils/cmsis/samd21/source/gcc/startup_samd21.o
I2S_Handler                                       src/ASF/sam0/utils/cmsis/samd21/source/gcc/startup_samd21.o
NMI_Handler                                       src/ASF/sam0/utils/cmsis/samd21/source/gcc/startup_samd21.o
NVMCTRL_Handler                                   src/ASF/sam0/utils/cmsis/samd21/source/gcc/startup_samd21.o
PM_Handler                                        src/ASF/sam0/utils/cmsis/samd21/source/gcc/startup_samd21.o
PTC_Handler                                       src/ASF/sam0/utils/cmsis/samd21/source/gcc/startup_samd21.o
PendSV_Handler                                    src/ASF/sam0/utils/cmsis/samd21/source/gcc/startup_samd21.o
RTC_Handler                                       src/ASF/sam0/utils/cmsis/samd21/source/gcc/startup_samd21.o
Reset_Handler                                     src/ASF/sam0/utils/cmsis/samd21/source/gcc/startup_samd21.o
SERCOM0_Handler                                   src/ASF/sam0/drivers/sercom/sercom_interrupt.o
SERCOM1_Handler                                   src/ASF/sam0/drivers/sercom/sercom_interrupt.o
SERCOM2_Handler                                   src/ASF/sam0/drivers/sercom/sercom_interrupt.o
SERCOM3_Handler                                   src/ASF/sam0/drivers/sercom/sercom_interrupt.o
SERCOM4_Handler                                   src/ASF/sam0/drivers/sercom/sercom_interrupt.o
SERCOM5_Handler                                   src/ASF/sam0/drivers/sercom/sercom_interrupt.o
SVC_Handler                                       src/ASF/sam0/utils/cmsis/samd21/source/gcc/startup_samd21.o
SYSCTRL_Handler                                   src/ASF/sam0/utils/cmsis/samd21/source/gcc/startup_samd21.o
SysTick_Handler                                   src/ASF/sam0/utils/cmsis/samd21/source/gcc/startup_samd21.o
SystemCoreClock                                   src/ASF/sam0/utils/cmsis/samd21/source/system_samd21.o
SystemCoreClockUpdate                             src/ASF/sam0/utils/cmsis/samd21/source/system_samd21.o
SystemInit                                        src/ASF/sam0/utils/cmsis/samd21/source/system_samd21.o
TC3_Handler                                       src/ASF/sam0/utils/cmsis/samd21/source/gcc/startup_samd21.o
TC4_Handler                                       src/ASF/sam0/utils/cmsis/samd21/source/gcc/startup_samd21.o
TC5_Handler                                       src/ASF/sam0/utils/cmsis/samd21/source/gcc/startup_samd21.o
TCC0_Handler                                      src/ASF/sam0/utils/cmsis/samd21/source/gcc/startup_samd21.o
TCC1_Handler                                      src/ASF/sam0/utils/cmsis/samd21/source/gcc/startup_samd21.o
TCC2_Handler                                      src/ASF/sam0/utils/cmsis/samd21/source/gcc/startup_samd21.o
USB_Handler                                       src/ASF/sam0/utils/cmsis/samd21/source/gcc/startup_samd21.o
WDT_Handler                                       src/ASF/sam0/utils/cmsis/samd21/source/gcc/startup_samd21.o
_Jv_RegisterClasses                               c:/program files (x86)/atmel/studio/7.0/toolchain/arm/arm-gnu-toolchain/bin/../lib/gcc/arm-none-eabi/6.2.1/thumb/v6-m/crtbegin.o
__aeabi_idiv                                      c:/program files (x86)/atmel/studio/7.0/toolchain/arm/arm-gnu-toolchain/bin/../lib/gcc/arm-none-eabi/6.2.1/thumb/v6-m\libgcc.a(_divsi3.o)
                                                  c:/program files (x86)/atmel/studio/7.0/toolchain/arm/arm-gnu-toolchain/bin/../lib/gcc/arm-none-eabi/6.2.1/../../../../arm-none-eabi/lib/thumb/v6-m\libc_nano.a(lib_a-fvwrite.o)
__aeabi_idiv0                                     c:/program files (x86)/atmel/studio/7.0/toolchain/arm/arm-gnu-toolchain/bin/../lib/gcc/arm-none-eabi/6.2.1/thumb/v6-m\libgcc.a(_dvmd_tls.o)
                                                  c:/program files (x86)/atmel/studio/7.0/toolchain/arm/arm-gnu-toolchain/bin/../lib/gcc/arm-none-eabi/6.2.1/thumb/v6-m\libgcc.a(_divsi3.o)
                                                  c:/program files (x86)/atmel/studio/7.0/toolchain/arm/arm-gnu-toolchain/bin/../lib/gcc/arm-none-eabi/6.2.1/thumb/v6-m\libgcc.a(_udivsi3.o)
__aeabi_idivmod                                   c:/program files (x86)/atmel/studio/7.0/toolchain/arm/arm-gnu-toolchain/bin/../lib/gcc/arm-none-eabi/6.2.1/thumb/v6-m\libgcc.a(_divsi3.o)
__aeabi_ldiv0                                     c:/program files (x86)/atmel/studio/7.0/toolchain/arm/arm-gnu-toolchain/bin/../lib/gcc/arm-none-eabi/6.2.1/thumb/v6-m\libgcc.a(_dvmd_tls.o)